release (windows-latest)	Set up job	ï»¿2025-12-16T06:51:50.6141213Z Current runner version: '2.329.0'
release (windows-latest)	Set up job	2025-12-16T06:51:50.6195208Z ##[group]Runner Image Provisioner
release (windows-latest)	Set up job	2025-12-16T06:51:50.6196414Z Hosted Compute Agent
release (windows-latest)	Set up job	2025-12-16T06:51:50.6197323Z Version: 20251202.455
release (windows-latest)	Set up job	2025-12-16T06:51:50.6198225Z Commit: 6c10caca4910e198df60de23adf20ad317c474e3
release (windows-latest)	Set up job	2025-12-16T06:51:50.6199724Z Build Date: 2025-12-02T15:56:59Z
release (windows-latest)	Set up job	2025-12-16T06:51:50.6200603Z Worker ID: {3c017287-a940-4cfe-9867-9e1de53697b2}
release (windows-latest)	Set up job	2025-12-16T06:51:50.6201243Z ##[endgroup]
release (windows-latest)	Set up job	2025-12-16T06:51:50.6201696Z ##[group]Operating System
release (windows-latest)	Set up job	2025-12-16T06:51:50.6202280Z Microsoft Windows Server 2025
release (windows-latest)	Set up job	2025-12-16T06:51:50.6202812Z 10.0.26100
release (windows-latest)	Set up job	2025-12-16T06:51:50.6203218Z Datacenter
release (windows-latest)	Set up job	2025-12-16T06:51:50.6203653Z ##[endgroup]
release (windows-latest)	Set up job	2025-12-16T06:51:50.6204057Z ##[group]Runner Image
release (windows-latest)	Set up job	2025-12-16T06:51:50.6204547Z Image: windows-2025
release (windows-latest)	Set up job	2025-12-16T06:51:50.6204984Z Version: 20251208.136.1
release (windows-latest)	Set up job	2025-12-16T06:51:50.6206156Z Included Software: https://github.com/actions/runner-images/blob/win25/20251208.136/images/windows/Windows2025-Readme.md
release (windows-latest)	Set up job	2025-12-16T06:51:50.6209336Z Image Release: https://github.com/actions/runner-images/releases/tag/win25%2F20251208.136
release (windows-latest)	Set up job	2025-12-16T06:51:50.6210905Z ##[endgroup]
release (windows-latest)	Set up job	2025-12-16T06:51:50.6212449Z ##[group]GITHUB_TOKEN Permissions
release (windows-latest)	Set up job	2025-12-16T06:51:50.6214914Z Contents: write
release (windows-latest)	Set up job	2025-12-16T06:51:50.6215749Z Metadata: read
release (windows-latest)	Set up job	2025-12-16T06:51:50.6216441Z ##[endgroup]
release (windows-latest)	Set up job	2025-12-16T06:51:50.6219087Z Secret source: Actions
release (windows-latest)	Set up job	2025-12-16T06:51:50.6220584Z Prepare workflow directory
release (windows-latest)	Set up job	2025-12-16T06:51:50.6631179Z Prepare all required actions
release (windows-latest)	Set up job	2025-12-16T06:51:50.6669056Z Getting action download info
release (windows-latest)	Set up job	2025-12-16T06:51:50.9523402Z Download action repository 'actions/checkout@v4' (SHA:34e114876b0b11c390a56381ad16ebd13914f8d5)
release (windows-latest)	Set up job	2025-12-16T06:51:51.0875457Z Download action repository 'dtolnay/rust-toolchain@stable' (SHA:6d9817901c499d6b02debbb57edb38d33daa680b)
release (windows-latest)	Set up job	2025-12-16T06:51:51.2667286Z Download action repository 'actions/setup-node@v4' (SHA:49933ea5288caeca8642d1e84afbd3f7d6820020)
release (windows-latest)	Set up job	2025-12-16T06:51:51.4328575Z Download action repository 'tauri-apps/tauri-action@v0' (SHA:51a9f1156b33df106d827c3a78f8f894946c5faa)
release (windows-latest)	Set up job	2025-12-16T06:51:51.7914435Z Download action repository 'actions/upload-release-asset@v1' (SHA:e8f9f06c4b078e705bd2ea027f0926603fc9b4d5)
release (windows-latest)	Set up job	2025-12-16T06:51:52.2381192Z Complete job name: release (windows-latest)
release (windows-latest)	Checkout repository	ï»¿2025-12-16T06:51:52.3713512Z ##[group]Run actions/checkout@v4
release (windows-latest)	Checkout repository	2025-12-16T06:51:52.3714896Z with:
release (windows-latest)	Checkout repository	2025-12-16T06:51:52.3715628Z   repository: AnthonyMahe/NewGAN-Manager-26
release (windows-latest)	Checkout repository	2025-12-16T06:51:52.3716830Z   token: ***
release (windows-latest)	Checkout repository	2025-12-16T06:51:52.3717485Z   ssh-strict: true
release (windows-latest)	Checkout repository	2025-12-16T06:51:52.3718171Z   ssh-user: git
release (windows-latest)	Checkout repository	2025-12-16T06:51:52.3718856Z   persist-credentials: true
release (windows-latest)	Checkout repository	2025-12-16T06:51:52.3719616Z   clean: true
release (windows-latest)	Checkout repository	2025-12-16T06:51:52.3720317Z   sparse-checkout-cone-mode: true
release (windows-latest)	Checkout repository	2025-12-16T06:51:52.3721148Z   fetch-depth: 1
release (windows-latest)	Checkout repository	2025-12-16T06:51:52.3721826Z   fetch-tags: false
release (windows-latest)	Checkout repository	2025-12-16T06:51:52.3722523Z   show-progress: true
release (windows-latest)	Checkout repository	2025-12-16T06:51:52.3723278Z   lfs: false
release (windows-latest)	Checkout repository	2025-12-16T06:51:52.3723944Z   submodules: false
release (windows-latest)	Checkout repository	2025-12-16T06:51:52.3724682Z   set-safe-directory: true
release (windows-latest)	Checkout repository	2025-12-16T06:51:52.3725669Z ##[endgroup]
release (windows-latest)	Checkout repository	2025-12-16T06:51:52.5431191Z Syncing repository: AnthonyMahe/NewGAN-Manager-26
release (windows-latest)	Checkout repository	2025-12-16T06:51:52.5434125Z ##[group]Getting Git version info
release (windows-latest)	Checkout repository	2025-12-16T06:51:52.5435311Z Working directory is 'D:\a\NewGAN-Manager-26\NewGAN-Manager-26'
release (windows-latest)	Checkout repository	2025-12-16T06:51:52.6622296Z [command]"C:\Program Files\Git\bin\git.exe" version
release (windows-latest)	Checkout repository	2025-12-16T06:51:53.0199402Z git version 2.52.0.windows.1
release (windows-latest)	Checkout repository	2025-12-16T06:51:53.0254865Z ##[endgroup]
release (windows-latest)	Checkout repository	2025-12-16T06:51:53.0277686Z Temporarily overriding HOME='D:\a\_temp\6aad2660-7cdc-491b-95a5-95aad64039a4' before making global git config changes
release (windows-latest)	Checkout repository	2025-12-16T06:51:53.0279881Z Adding repository directory to the temporary git global config as a safe directory
release (windows-latest)	Checkout repository	2025-12-16T06:51:53.0289703Z [command]"C:\Program Files\Git\bin\git.exe" config --global --add safe.directory D:\a\NewGAN-Manager-26\NewGAN-Manager-26
release (windows-latest)	Checkout repository	2025-12-16T06:51:53.0966545Z Deleting the contents of 'D:\a\NewGAN-Manager-26\NewGAN-Manager-26'
release (windows-latest)	Checkout repository	2025-12-16T06:51:53.0974163Z ##[group]Initializing the repository
release (windows-latest)	Checkout repository	2025-12-16T06:51:53.0984131Z [command]"C:\Program Files\Git\bin\git.exe" init D:\a\NewGAN-Manager-26\NewGAN-Manager-26
release (windows-latest)	Checkout repository	2025-12-16T06:51:53.1704994Z Initialized empty Git repository in D:/a/NewGAN-Manager-26/NewGAN-Manager-26/.git/
release (windows-latest)	Checkout repository	2025-12-16T06:51:53.1753955Z [command]"C:\Program Files\Git\bin\git.exe" remote add origin https://github.com/AnthonyMahe/NewGAN-Manager-26
release (windows-latest)	Checkout repository	2025-12-16T06:51:53.2302099Z ##[endgroup]
release (windows-latest)	Checkout repository	2025-12-16T06:51:53.2304485Z ##[group]Disabling automatic garbage collection
release (windows-latest)	Checkout repository	2025-12-16T06:51:53.2312426Z [command]"C:\Program Files\Git\bin\git.exe" config --local gc.auto 0
release (windows-latest)	Checkout repository	2025-12-16T06:51:53.2649299Z ##[endgroup]
release (windows-latest)	Checkout repository	2025-12-16T06:51:53.2651211Z ##[group]Setting up auth
release (windows-latest)	Checkout repository	2025-12-16T06:51:53.2663704Z [command]"C:\Program Files\Git\bin\git.exe" config --local --name-only --get-regexp core\.sshCommand
release (windows-latest)	Checkout repository	2025-12-16T06:51:53.3001355Z [command]"C:\Program Files\Git\bin\git.exe" submodule foreach --recursive "sh -c \"git config --local --name-only --get-regexp 'core\.sshCommand' && git config --local --unset-all 'core.sshCommand' || :\""
release (windows-latest)	Checkout repository	2025-12-16T06:51:54.6737380Z [command]"C:\Program Files\Git\bin\git.exe" config --local --name-only --get-regexp http\.https\:\/\/github\.com\/\.extraheader
release (windows-latest)	Checkout repository	2025-12-16T06:51:54.7045139Z [command]"C:\Program Files\Git\bin\git.exe" submodule foreach --recursive "sh -c \"git config --local --name-only --get-regexp 'http\.https\:\/\/github\.com\/\.extraheader' && git config --local --unset-all 'http.https://github.com/.extraheader' || :\""
release (windows-latest)	Checkout repository	2025-12-16T06:51:55.2547514Z [command]"C:\Program Files\Git\bin\git.exe" config --local --name-only --get-regexp ^includeIf\.gitdir:
release (windows-latest)	Checkout repository	2025-12-16T06:51:55.2858943Z [command]"C:\Program Files\Git\bin\git.exe" submodule foreach --recursive "git config --local --show-origin --name-only --get-regexp remote.origin.url"
release (windows-latest)	Checkout repository	2025-12-16T06:51:55.8016900Z [command]"C:\Program Files\Git\bin\git.exe" config --local http.https://github.com/.extraheader "AUTHORIZATION: basic ***"
release (windows-latest)	Checkout repository	2025-12-16T06:51:55.8325278Z ##[endgroup]
release (windows-latest)	Checkout repository	2025-12-16T06:51:55.8325780Z ##[group]Fetching the repository
release (windows-latest)	Checkout repository	2025-12-16T06:51:55.8338698Z [command]"C:\Program Files\Git\bin\git.exe" -c protocol.version=2 fetch --no-tags --prune --no-recurse-submodules --depth=1 origin +a678a78108db84ef276592ee198cd2f01d2a33da:refs/tags/v1.0.0
release (windows-latest)	Checkout repository	2025-12-16T06:51:56.8496290Z From https://github.com/AnthonyMahe/NewGAN-Manager-26
release (windows-latest)	Checkout repository	2025-12-16T06:51:56.8497236Z  * [new ref]         a678a78108db84ef276592ee198cd2f01d2a33da -> v1.0.0
release (windows-latest)	Checkout repository	2025-12-16T06:51:56.8865615Z ##[endgroup]
release (windows-latest)	Checkout repository	2025-12-16T06:51:56.8866269Z ##[group]Determining the checkout info
release (windows-latest)	Checkout repository	2025-12-16T06:51:56.8868973Z ##[endgroup]
release (windows-latest)	Checkout repository	2025-12-16T06:51:56.8880671Z [command]"C:\Program Files\Git\bin\git.exe" sparse-checkout disable
release (windows-latest)	Checkout repository	2025-12-16T06:51:56.9311146Z [command]"C:\Program Files\Git\bin\git.exe" config --local --unset-all extensions.worktreeConfig
release (windows-latest)	Checkout repository	2025-12-16T06:51:56.9609336Z ##[group]Checking out the ref
release (windows-latest)	Checkout repository	2025-12-16T06:51:56.9619871Z [command]"C:\Program Files\Git\bin\git.exe" checkout --progress --force refs/tags/v1.0.0
release (windows-latest)	Checkout repository	2025-12-16T06:51:57.0374022Z Note: switching to 'refs/tags/v1.0.0'.
release (windows-latest)	Checkout repository	2025-12-16T06:51:57.0374507Z 
release (windows-latest)	Checkout repository	2025-12-16T06:51:57.0374863Z You are in 'detached HEAD' state. You can look around, make experimental
release (windows-latest)	Checkout repository	2025-12-16T06:51:57.0375640Z changes and commit them, and you can discard any commits you make in this
release (windows-latest)	Checkout repository	2025-12-16T06:51:57.0376989Z state without impacting any branches by switching back to a branch.
release (windows-latest)	Checkout repository	2025-12-16T06:51:57.0377540Z 
release (windows-latest)	Checkout repository	2025-12-16T06:51:57.0377917Z If you want to create a new branch to retain commits you create, you may
release (windows-latest)	Checkout repository	2025-12-16T06:51:57.0378732Z do so (now or later) by using -c with the switch command. Example:
release (windows-latest)	Checkout repository	2025-12-16T06:51:57.0379195Z 
release (windows-latest)	Checkout repository	2025-12-16T06:51:57.0379360Z   git switch -c <new-branch-name>
release (windows-latest)	Checkout repository	2025-12-16T06:51:57.0379671Z 
release (windows-latest)	Checkout repository	2025-12-16T06:51:57.0379833Z Or undo this operation with:
release (windows-latest)	Checkout repository	2025-12-16T06:51:57.0380154Z 
release (windows-latest)	Checkout repository	2025-12-16T06:51:57.0380297Z   git switch -
release (windows-latest)	Checkout repository	2025-12-16T06:51:57.0380531Z 
release (windows-latest)	Checkout repository	2025-12-16T06:51:57.0380904Z Turn off this advice by setting config variable advice.detachedHead to false
release (windows-latest)	Checkout repository	2025-12-16T06:51:57.0382601Z 
release (windows-latest)	Checkout repository	2025-12-16T06:51:57.0382983Z HEAD is now at a678a78 fix(ci): add portable executable upload to release workflow
release (windows-latest)	Checkout repository	2025-12-16T06:51:57.0412213Z ##[endgroup]
release (windows-latest)	Checkout repository	2025-12-16T06:51:57.0836952Z [command]"C:\Program Files\Git\bin\git.exe" log -1 --format=%H
release (windows-latest)	Checkout repository	2025-12-16T06:51:57.1182299Z a678a78108db84ef276592ee198cd2f01d2a33da
release (windows-latest)	Install Rust	ï»¿2025-12-16T06:51:57.1694746Z ##[group]Run dtolnay/rust-toolchain@stable
release (windows-latest)	Install Rust	2025-12-16T06:51:57.1695110Z with:
release (windows-latest)	Install Rust	2025-12-16T06:51:57.1695290Z   targets: x86_64-pc-windows-msvc
release (windows-latest)	Install Rust	2025-12-16T06:51:57.1695515Z   toolchain: stable
release (windows-latest)	Install Rust	2025-12-16T06:51:57.1695679Z ##[endgroup]
release (windows-latest)	Install Rust	2025-12-16T06:51:57.2008281Z ##[group]Run : parse toolchain version
release (windows-latest)	Install Rust	2025-12-16T06:51:57.2008655Z [36;1m: parse toolchain version[0m
release (windows-latest)	Install Rust	2025-12-16T06:51:57.2008900Z [36;1mif [[ -z $toolchain ]]; then[0m
release (windows-latest)	Install Rust	2025-12-16T06:51:57.2009361Z [36;1m  # GitHub does not enforce `required: true` inputs itself. https://github.com/actions/runner/issues/1070[0m
release (windows-latest)	Install Rust	2025-12-16T06:51:57.2009863Z [36;1m  echo "'toolchain' is a required input" >&2[0m
release (windows-latest)	Install Rust	2025-12-16T06:51:57.2010105Z [36;1m  exit 1[0m
release (windows-latest)	Install Rust	2025-12-16T06:51:57.2010372Z [36;1melif [[ $toolchain =~ ^stable' '[0-9]+' '(year|month|week|day)s?' 'ago$ ]]; then[0m
release (windows-latest)	Install Rust	2025-12-16T06:51:57.2010700Z [36;1m  if [[ Windows == macOS ]]; then[0m
release (windows-latest)	Install Rust	2025-12-16T06:51:57.2011127Z [36;1m    echo "toolchain=1.$((($(date -v-$(sed 's/stable \([0-9]*\) \(.\).*/\1\2/' <<< $toolchain) +%s)/60/60/24-16569)/7/6))" >> $GITHUB_OUTPUT[0m
release (windows-latest)	Install Rust	2025-12-16T06:51:57.2011556Z [36;1m  else[0m
release (windows-latest)	Install Rust	2025-12-16T06:51:57.2011875Z [36;1m    echo "toolchain=1.$((($(date --date "${toolchain#stable }" +%s)/60/60/24-16569)/7/6))" >> $GITHUB_OUTPUT[0m
release (windows-latest)	Install Rust	2025-12-16T06:51:57.2012226Z [36;1m  fi[0m
release (windows-latest)	Install Rust	2025-12-16T06:51:57.2012469Z [36;1melif [[ $toolchain =~ ^stable' 'minus' '[0-9]+' 'releases?$ ]]; then[0m
release (windows-latest)	Install Rust	2025-12-16T06:51:57.2012903Z [36;1m  echo "toolchain=1.$((($(date +%s)/60/60/24-16569)/7/6-${toolchain//[^0-9]/}))" >> $GITHUB_OUTPUT[0m
release (windows-latest)	Install Rust	2025-12-16T06:51:57.2013273Z [36;1melif [[ $toolchain =~ ^1\.[0-9]+$ ]]; then[0m
release (windows-latest)	Install Rust	2025-12-16T06:51:57.2013685Z [36;1m  echo "toolchain=1.$((i=${toolchain#1.}, c=($(date +%s)/60/60/24-16569)/7/6, i+9*i*(10*i<=c)+90*i*(100*i<=c)))" >> $GITHUB_OUTPUT[0m
release (windows-latest)	Install Rust	2025-12-16T06:51:57.2014061Z [36;1melse[0m
release (windows-latest)	Install Rust	2025-12-16T06:51:57.2014261Z [36;1m  echo "toolchain=$toolchain" >> $GITHUB_OUTPUT[0m
release (windows-latest)	Install Rust	2025-12-16T06:51:57.2014495Z [36;1mfi[0m
release (windows-latest)	Install Rust	2025-12-16T06:51:57.2035423Z shell: C:\Program Files\Git\bin\bash.EXE --noprofile --norc -e -o pipefail {0}
release (windows-latest)	Install Rust	2025-12-16T06:51:57.2035807Z env:
release (windows-latest)	Install Rust	2025-12-16T06:51:57.2035960Z   toolchain: stable
release (windows-latest)	Install Rust	2025-12-16T06:51:57.2036134Z ##[endgroup]
release (windows-latest)	Install Rust	2025-12-16T06:51:57.3756759Z ##[group]Run : construct rustup command line
release (windows-latest)	Install Rust	2025-12-16T06:51:57.3757086Z [36;1m: construct rustup command line[0m
release (windows-latest)	Install Rust	2025-12-16T06:51:57.3757467Z [36;1mecho "targets=$(for t in ${targets//,/ }; do echo -n ' --target' $t; done)" >> $GITHUB_OUTPUT[0m
release (windows-latest)	Install Rust	2025-12-16T06:51:57.3757985Z [36;1mecho "components=$(for c in ${components//,/ }; do echo -n ' --component' $c; done)" >> $GITHUB_OUTPUT[0m
release (windows-latest)	Install Rust	2025-12-16T06:51:57.3758405Z [36;1mecho "downgrade=" >> $GITHUB_OUTPUT[0m
release (windows-latest)	Install Rust	2025-12-16T06:51:57.3774351Z shell: C:\Program Files\Git\bin\bash.EXE --noprofile --norc -e -o pipefail {0}
release (windows-latest)	Install Rust	2025-12-16T06:51:57.3774729Z env:
release (windows-latest)	Install Rust	2025-12-16T06:51:57.3774892Z   targets: x86_64-pc-windows-msvc
release (windows-latest)	Install Rust	2025-12-16T06:51:57.3775098Z   components: 
release (windows-latest)	Install Rust	2025-12-16T06:51:57.3775258Z ##[endgroup]
release (windows-latest)	Install Rust	2025-12-16T06:51:57.4606088Z ##[group]Run : set $CARGO_HOME
release (windows-latest)	Install Rust	2025-12-16T06:51:57.4606361Z [36;1m: set $CARGO_HOME[0m
release (windows-latest)	Install Rust	2025-12-16T06:51:57.4606666Z [36;1mecho CARGO_HOME=${CARGO_HOME:-"$USERPROFILE\.cargo"} >> $GITHUB_ENV[0m
release (windows-latest)	Install Rust	2025-12-16T06:51:57.4622928Z shell: C:\Program Files\Git\bin\bash.EXE --noprofile --norc -e -o pipefail {0}
release (windows-latest)	Install Rust	2025-12-16T06:51:57.4623297Z ##[endgroup]
release (windows-latest)	Install Rust	2025-12-16T06:51:57.5156954Z ##[group]Run : install rustup if needed on windows
release (windows-latest)	Install Rust	2025-12-16T06:51:57.5157305Z [36;1m: install rustup if needed on windows[0m
release (windows-latest)	Install Rust	2025-12-16T06:51:57.5157585Z [36;1mif ! command -v rustup &>/dev/null; then[0m
release (windows-latest)	Install Rust	2025-12-16T06:51:57.5158420Z [36;1m  curl --proto '=https' --tlsv1.2 --retry 10 --retry-connrefused --location --silent --show-error --fail https://win.rustup.rs/x86_64 --output 'D:\a\_temp\rustup-init.exe'[0m
release (windows-latest)	Install Rust	2025-12-16T06:51:57.5159138Z [36;1m  'D:\a\_temp\rustup-init.exe' --default-toolchain none --no-modify-path -y[0m
release (windows-latest)	Install Rust	2025-12-16T06:51:57.5159496Z [36;1m  echo "$CARGO_HOME\bin" >> $GITHUB_PATH[0m
release (windows-latest)	Install Rust	2025-12-16T06:51:57.5161488Z [36;1mfi[0m
release (windows-latest)	Install Rust	2025-12-16T06:51:57.5177342Z shell: C:\Program Files\Git\bin\bash.EXE --noprofile --norc -e -o pipefail {0}
release (windows-latest)	Install Rust	2025-12-16T06:51:57.5177695Z env:
release (windows-latest)	Install Rust	2025-12-16T06:51:57.5177861Z   CARGO_HOME: C:\Users\runneradmin\.cargo
release (windows-latest)	Install Rust	2025-12-16T06:51:57.5178082Z ##[endgroup]
release (windows-latest)	Install Rust	2025-12-16T06:51:57.5855216Z ##[group]Run rustup toolchain install stable --target x86_64-pc-windows-msvc --profile minimal --no-self-update
release (windows-latest)	Install Rust	2025-12-16T06:51:57.5855904Z [36;1mrustup toolchain install stable --target x86_64-pc-windows-msvc --profile minimal --no-self-update[0m
release (windows-latest)	Install Rust	2025-12-16T06:51:57.5872257Z shell: C:\Program Files\Git\bin\bash.EXE --noprofile --norc -e -o pipefail {0}
release (windows-latest)	Install Rust	2025-12-16T06:51:57.5872615Z env:
release (windows-latest)	Install Rust	2025-12-16T06:51:57.5872797Z   CARGO_HOME: C:\Users\runneradmin\.cargo
release (windows-latest)	Install Rust	2025-12-16T06:51:57.5873023Z ##[endgroup]
release (windows-latest)	Install Rust	2025-12-16T06:52:00.7208110Z info: syncing channel updates for 'stable-x86_64-pc-windows-msvc'
release (windows-latest)	Install Rust	2025-12-16T06:52:01.2900839Z info: latest update on 2025-12-11, rust version 1.92.0 (ded5c06cf 2025-12-08)
release (windows-latest)	Install Rust	2025-12-16T06:52:01.3500059Z info: downloading component 'rust-std'
release (windows-latest)	Install Rust	2025-12-16T06:52:02.4778342Z info: downloading component 'clippy'
release (windows-latest)	Install Rust	2025-12-16T06:52:02.6444462Z info: downloading component 'rustfmt'
release (windows-latest)	Install Rust	2025-12-16T06:52:02.7816795Z info: downloading component 'rust-std' for 'x86_64-pc-windows-gnu'
release (windows-latest)	Install Rust	2025-12-16T06:52:03.2953427Z info: downloading component 'rust-std' for 'i686-pc-windows-msvc'
release (windows-latest)	Install Rust	2025-12-16T06:52:03.7235237Z info: downloading component 'cargo'
release (windows-latest)	Install Rust	2025-12-16T06:52:03.9562518Z info: downloading component 'rustc'
release (windows-latest)	Install Rust	2025-12-16T06:52:05.1460015Z info: removing previous version of component 'clippy'
release (windows-latest)	Install Rust	2025-12-16T06:52:05.1811144Z info: removing previous version of component 'rustfmt'
release (windows-latest)	Install Rust	2025-12-16T06:52:05.1934035Z info: removing previous version of component 'rust-std' for 'x86_64-pc-windows-gnu'
release (windows-latest)	Install Rust	2025-12-16T06:52:05.2769542Z info: removing previous version of component 'rust-std' for 'i686-pc-windows-msvc'
release (windows-latest)	Install Rust	2025-12-16T06:52:05.3231723Z info: removing previous version of component 'cargo'
release (windows-latest)	Install Rust	2025-12-16T06:52:05.3926492Z info: removing previous version of component 'rust-std'
release (windows-latest)	Install Rust	2025-12-16T06:52:05.4286545Z info: removing previous version of component 'rustc'
release (windows-latest)	Install Rust	2025-12-16T06:52:05.5124977Z info: installing component 'rust-std'
release (windows-latest)	Install Rust	2025-12-16T06:52:07.2961184Z info: installing component 'clippy'
release (windows-latest)	Install Rust	2025-12-16T06:52:07.6542938Z info: installing component 'rustfmt'
release (windows-latest)	Install Rust	2025-12-16T06:52:07.9470411Z info: installing component 'rust-std' for 'x86_64-pc-windows-gnu'
release (windows-latest)	Install Rust	2025-12-16T06:52:10.1545137Z info: installing component 'rust-std' for 'i686-pc-windows-msvc'
release (windows-latest)	Install Rust	2025-12-16T06:52:11.5919639Z info: installing component 'cargo'
release (windows-latest)	Install Rust	2025-12-16T06:52:12.7068400Z info: installing component 'rustc'
release (windows-latest)	Install Rust	2025-12-16T06:52:17.7498061Z 
release (windows-latest)	Install Rust	2025-12-16T06:52:17.7807285Z   stable-x86_64-pc-windows-msvc updated - rustc 1.92.0 (ded5c06cf 2025-12-08) (from rustc 1.91.1 (ed61e7d7e 2025-11-07))
release (windows-latest)	Install Rust	2025-12-16T06:52:17.7808297Z 
release (windows-latest)	Install Rust	2025-12-16T06:52:17.8041395Z ##[group]Run rustup default stable
release (windows-latest)	Install Rust	2025-12-16T06:52:17.8041648Z [36;1mrustup default stable[0m
release (windows-latest)	Install Rust	2025-12-16T06:52:17.8056623Z shell: C:\Program Files\Git\bin\bash.EXE --noprofile --norc -e -o pipefail {0}
release (windows-latest)	Install Rust	2025-12-16T06:52:17.8056971Z env:
release (windows-latest)	Install Rust	2025-12-16T06:52:17.8057135Z   CARGO_HOME: C:\Users\runneradmin\.cargo
release (windows-latest)	Install Rust	2025-12-16T06:52:17.8057368Z ##[endgroup]
release (windows-latest)	Install Rust	2025-12-16T06:52:17.9645042Z info: using existing install for 'stable-x86_64-pc-windows-msvc'
release (windows-latest)	Install Rust	2025-12-16T06:52:18.0348100Z info: default toolchain set to 'stable-x86_64-pc-windows-msvc'
release (windows-latest)	Install Rust	2025-12-16T06:52:18.0348661Z 
release (windows-latest)	Install Rust	2025-12-16T06:52:18.0564739Z   stable-x86_64-pc-windows-msvc unchanged - rustc 1.92.0 (ded5c06cf 2025-12-08)
release (windows-latest)	Install Rust	2025-12-16T06:52:18.0565512Z 
release (windows-latest)	Install Rust	2025-12-16T06:52:18.0806164Z ##[group]Run : create cachekey
release (windows-latest)	Install Rust	2025-12-16T06:52:18.0806425Z [36;1m: create cachekey[0m
release (windows-latest)	Install Rust	2025-12-16T06:52:18.0806839Z [36;1mDATE=$(rustc +stable --version --verbose | sed -ne 's/^commit-date: \(20[0-9][0-9]\)-\([01][0-9]\)-\([0-3][0-9]\)$/\1\2\3/p')[0m
release (windows-latest)	Install Rust	2025-12-16T06:52:18.0807393Z [36;1mHASH=$(rustc +stable --version --verbose | sed -ne 's/^commit-hash: //p')[0m
release (windows-latest)	Install Rust	2025-12-16T06:52:18.0809171Z [36;1mecho "cachekey=$(echo $DATE$HASH | head -c12)" >> $GITHUB_OUTPUT[0m
release (windows-latest)	Install Rust	2025-12-16T06:52:18.0828597Z shell: C:\Program Files\Git\bin\bash.EXE --noprofile --norc -e -o pipefail {0}
release (windows-latest)	Install Rust	2025-12-16T06:52:18.0828972Z env:
release (windows-latest)	Install Rust	2025-12-16T06:52:18.0829237Z   CARGO_HOME: C:\Users\runneradmin\.cargo
release (windows-latest)	Install Rust	2025-12-16T06:52:18.0829617Z ##[endgroup]
release (windows-latest)	Install Rust	2025-12-16T06:52:18.9673680Z ##[group]Run : disable incremental compilation
release (windows-latest)	Install Rust	2025-12-16T06:52:18.9674001Z [36;1m: disable incremental compilation[0m
release (windows-latest)	Install Rust	2025-12-16T06:52:18.9674746Z [36;1mif [ -z "${CARGO_INCREMENTAL+set}" ]; then[0m
release (windows-latest)	Install Rust	2025-12-16T06:52:18.9675261Z [36;1m  echo CARGO_INCREMENTAL=0 >> $GITHUB_ENV[0m
release (windows-latest)	Install Rust	2025-12-16T06:52:18.9675490Z [36;1mfi[0m
release (windows-latest)	Install Rust	2025-12-16T06:52:18.9693262Z shell: C:\Program Files\Git\bin\bash.EXE --noprofile --norc -e -o pipefail {0}
release (windows-latest)	Install Rust	2025-12-16T06:52:18.9693599Z env:
release (windows-latest)	Install Rust	2025-12-16T06:52:18.9693770Z   CARGO_HOME: C:\Users\runneradmin\.cargo
release (windows-latest)	Install Rust	2025-12-16T06:52:18.9693987Z ##[endgroup]
release (windows-latest)	Install Rust	2025-12-16T06:52:19.0241158Z ##[group]Run : enable colors in Cargo output
release (windows-latest)	Install Rust	2025-12-16T06:52:19.0241453Z [36;1m: enable colors in Cargo output[0m
release (windows-latest)	Install Rust	2025-12-16T06:52:19.0241720Z [36;1mif [ -z "${CARGO_TERM_COLOR+set}" ]; then[0m
release (windows-latest)	Install Rust	2025-12-16T06:52:19.0242003Z [36;1m  echo CARGO_TERM_COLOR=always >> $GITHUB_ENV[0m
release (windows-latest)	Install Rust	2025-12-16T06:52:19.0242230Z [36;1mfi[0m
release (windows-latest)	Install Rust	2025-12-16T06:52:19.0259316Z shell: C:\Program Files\Git\bin\bash.EXE --noprofile --norc -e -o pipefail {0}
release (windows-latest)	Install Rust	2025-12-16T06:52:19.0260071Z env:
release (windows-latest)	Install Rust	2025-12-16T06:52:19.0260525Z   CARGO_HOME: C:\Users\runneradmin\.cargo
release (windows-latest)	Install Rust	2025-12-16T06:52:19.0260760Z   CARGO_INCREMENTAL: 0
release (windows-latest)	Install Rust	2025-12-16T06:52:19.0260957Z ##[endgroup]
release (windows-latest)	Install Rust	2025-12-16T06:52:19.0902359Z ##[group]Run : enable Cargo sparse registry
release (windows-latest)	Install Rust	2025-12-16T06:52:19.0902860Z [36;1m: enable Cargo sparse registry[0m
release (windows-latest)	Install Rust	2025-12-16T06:52:19.0903401Z [36;1m# implemented in 1.66, stabilized in 1.68, made default in 1.70[0m
release (windows-latest)	Install Rust	2025-12-16T06:52:19.0904799Z [36;1mif [ -z "${CARGO_REGISTRIES_CRATES_IO_PROTOCOL+set}" -o -f "D:\a\_temp"/.implicit_cargo_registries_crates_io_protocol ]; then[0m
release (windows-latest)	Install Rust	2025-12-16T06:52:19.0905879Z [36;1m  if rustc +stable --version --verbose | grep -q '^release: 1\.6[89]\.'; then[0m
release (windows-latest)	Install Rust	2025-12-16T06:52:19.0906652Z [36;1m    touch "D:\a\_temp"/.implicit_cargo_registries_crates_io_protocol || true[0m
release (windows-latest)	Install Rust	2025-12-16T06:52:19.0907392Z [36;1m    echo CARGO_REGISTRIES_CRATES_IO_PROTOCOL=sparse >> $GITHUB_ENV[0m
release (windows-latest)	Install Rust	2025-12-16T06:52:19.0908151Z [36;1m  elif rustc +stable --version --verbose | grep -q '^release: 1\.6[67]\.'; then[0m
release (windows-latest)	Install Rust	2025-12-16T06:52:19.0909323Z [36;1m    touch "D:\a\_temp"/.implicit_cargo_registries_crates_io_protocol || true[0m
release (windows-latest)	Install Rust	2025-12-16T06:52:19.0910058Z [36;1m    echo CARGO_REGISTRIES_CRATES_IO_PROTOCOL=git >> $GITHUB_ENV[0m
release (windows-latest)	Install Rust	2025-12-16T06:52:19.0910566Z [36;1m  fi[0m
release (windows-latest)	Install Rust	2025-12-16T06:52:19.0910807Z [36;1mfi[0m
release (windows-latest)	Install Rust	2025-12-16T06:52:19.0940006Z shell: C:\Program Files\Git\bin\bash.EXE --noprofile --norc -e -o pipefail {0}
release (windows-latest)	Install Rust	2025-12-16T06:52:19.0940614Z env:
release (windows-latest)	Install Rust	2025-12-16T06:52:19.0940897Z   CARGO_HOME: C:\Users\runneradmin\.cargo
release (windows-latest)	Install Rust	2025-12-16T06:52:19.0941332Z   CARGO_INCREMENTAL: 0
release (windows-latest)	Install Rust	2025-12-16T06:52:19.0941626Z   CARGO_TERM_COLOR: always
release (windows-latest)	Install Rust	2025-12-16T06:52:19.0941939Z ##[endgroup]
release (windows-latest)	Install Rust	2025-12-16T06:52:19.3535539Z ##[group]Run : work around spurious network errors in curl 8.0
release (windows-latest)	Install Rust	2025-12-16T06:52:19.3536190Z [36;1m: work around spurious network errors in curl 8.0[0m
release (windows-latest)	Install Rust	2025-12-16T06:52:19.3537028Z [36;1m# https://rust-lang.zulipchat.com/#narrow/stream/246057-t-cargo/topic/timeout.20investigation[0m
release (windows-latest)	Install Rust	2025-12-16T06:52:19.3537991Z [36;1mif rustc +stable --version --verbose | grep -q '^release: 1\.7[01]\.'; then[0m
release (windows-latest)	Install Rust	2025-12-16T06:52:19.3563353Z [36;1m  echo CARGO_HTTP_MULTIPLEXING=false >> $GITHUB_ENV[0m
release (windows-latest)	Install Rust	2025-12-16T06:52:19.3563621Z [36;1mfi[0m
release (windows-latest)	Install Rust	2025-12-16T06:52:19.3578314Z shell: C:\Program Files\Git\bin\bash.EXE --noprofile --norc -e -o pipefail {0}
release (windows-latest)	Install Rust	2025-12-16T06:52:19.3578666Z env:
release (windows-latest)	Install Rust	2025-12-16T06:52:19.3578836Z   CARGO_HOME: C:\Users\runneradmin\.cargo
release (windows-latest)	Install Rust	2025-12-16T06:52:19.3579057Z   CARGO_INCREMENTAL: 0
release (windows-latest)	Install Rust	2025-12-16T06:52:19.3579399Z   CARGO_TERM_COLOR: always
release (windows-latest)	Install Rust	2025-12-16T06:52:19.3579574Z ##[endgroup]
release (windows-latest)	Install Rust	2025-12-16T06:52:19.4641790Z ##[group]Run rustc +stable --version --verbose
release (windows-latest)	Install Rust	2025-12-16T06:52:19.4642099Z [36;1mrustc +stable --version --verbose[0m
release (windows-latest)	Install Rust	2025-12-16T06:52:19.4656666Z shell: C:\Program Files\Git\bin\bash.EXE --noprofile --norc -e -o pipefail {0}
release (windows-latest)	Install Rust	2025-12-16T06:52:19.4657010Z env:
release (windows-latest)	Install Rust	2025-12-16T06:52:19.4657182Z   CARGO_HOME: C:\Users\runneradmin\.cargo
release (windows-latest)	Install Rust	2025-12-16T06:52:19.4657405Z   CARGO_INCREMENTAL: 0
release (windows-latest)	Install Rust	2025-12-16T06:52:19.4657582Z   CARGO_TERM_COLOR: always
release (windows-latest)	Install Rust	2025-12-16T06:52:19.4657751Z ##[endgroup]
release (windows-latest)	Install Rust	2025-12-16T06:52:19.5471573Z rustc 1.92.0 (ded5c06cf 2025-12-08)
release (windows-latest)	Install Rust	2025-12-16T06:52:19.5472201Z binary: rustc
release (windows-latest)	Install Rust	2025-12-16T06:52:19.5472668Z commit-hash: ded5c06cf21d2b93bffd5d884aa6e96934ee4234
release (windows-latest)	Install Rust	2025-12-16T06:52:19.5473190Z commit-date: 2025-12-08
release (windows-latest)	Install Rust	2025-12-16T06:52:19.5473562Z host: x86_64-pc-windows-msvc
release (windows-latest)	Install Rust	2025-12-16T06:52:19.5473979Z release: 1.92.0
release (windows-latest)	Install Rust	2025-12-16T06:52:19.5475034Z LLVM version: 21.1.3
release (windows-latest)	Install Node.js	ï»¿2025-12-16T06:52:19.5777369Z ##[group]Run actions/setup-node@v4
release (windows-latest)	Install Node.js	2025-12-16T06:52:19.5777655Z with:
release (windows-latest)	Install Node.js	2025-12-16T06:52:19.5777811Z   node-version: 20
release (windows-latest)	Install Node.js	2025-12-16T06:52:19.5777998Z   always-auth: false
release (windows-latest)	Install Node.js	2025-12-16T06:52:19.5778176Z   check-latest: false
release (windows-latest)	Install Node.js	2025-12-16T06:52:19.5778484Z   token: ***
release (windows-latest)	Install Node.js	2025-12-16T06:52:19.5778639Z env:
release (windows-latest)	Install Node.js	2025-12-16T06:52:19.5778804Z   CARGO_HOME: C:\Users\runneradmin\.cargo
release (windows-latest)	Install Node.js	2025-12-16T06:52:19.5779030Z   CARGO_INCREMENTAL: 0
release (windows-latest)	Install Node.js	2025-12-16T06:52:19.5779198Z   CARGO_TERM_COLOR: always
release (windows-latest)	Install Node.js	2025-12-16T06:52:19.5779376Z ##[endgroup]
release (windows-latest)	Install Node.js	2025-12-16T06:52:19.8310970Z Found in cache @ C:\hostedtoolcache\windows\node\20.19.6\x64
release (windows-latest)	Install Node.js	2025-12-16T06:52:19.8322095Z ##[group]Environment details
release (windows-latest)	Install Node.js	2025-12-16T06:52:24.0238304Z node: v20.19.6
release (windows-latest)	Install Node.js	2025-12-16T06:52:24.0238677Z npm: 10.8.2
release (windows-latest)	Install Node.js	2025-12-16T06:52:24.0238928Z yarn: 1.22.22
release (windows-latest)	Install Node.js	2025-12-16T06:52:24.0240575Z ##[endgroup]
release (windows-latest)	Install dependencies	ï»¿2025-12-16T06:52:24.0483604Z ##[group]Run npm install
release (windows-latest)	Install dependencies	2025-12-16T06:52:24.0483892Z [36;1mnpm install[0m
release (windows-latest)	Install dependencies	2025-12-16T06:52:24.0979951Z shell: C:\Program Files\PowerShell\7\pwsh.EXE -command ". '{0}'"
release (windows-latest)	Install dependencies	2025-12-16T06:52:24.0980342Z env:
release (windows-latest)	Install dependencies	2025-12-16T06:52:24.0980545Z   CARGO_HOME: C:\Users\runneradmin\.cargo
release (windows-latest)	Install dependencies	2025-12-16T06:52:24.0980845Z   CARGO_INCREMENTAL: 0
release (windows-latest)	Install dependencies	2025-12-16T06:52:24.0981068Z   CARGO_TERM_COLOR: always
release (windows-latest)	Install dependencies	2025-12-16T06:52:24.0981299Z ##[endgroup]
release (windows-latest)	Install dependencies	2025-12-16T06:52:36.7939974Z 
release (windows-latest)	Install dependencies	2025-12-16T06:52:36.7950277Z added 169 packages, and audited 170 packages in 8s
release (windows-latest)	Install dependencies	2025-12-16T06:52:36.7950711Z 
release (windows-latest)	Install dependencies	2025-12-16T06:52:36.7950968Z 18 packages are looking for funding
release (windows-latest)	Install dependencies	2025-12-16T06:52:36.7951684Z   run `npm fund` for details
release (windows-latest)	Install dependencies	2025-12-16T06:52:36.8054238Z 
release (windows-latest)	Install dependencies	2025-12-16T06:52:36.8054563Z 5 vulnerabilities (3 low, 2 moderate)
release (windows-latest)	Install dependencies	2025-12-16T06:52:36.8054777Z 
release (windows-latest)	Install dependencies	2025-12-16T06:52:36.8055005Z To address all issues (including breaking changes), run:
release (windows-latest)	Install dependencies	2025-12-16T06:52:36.8055317Z   npm audit fix --force
release (windows-latest)	Install dependencies	2025-12-16T06:52:36.8055447Z 
release (windows-latest)	Install dependencies	2025-12-16T06:52:36.8055597Z Run `npm audit` for details.
release (windows-latest)	Build and Create Release	ï»¿2025-12-16T06:52:37.5204520Z ##[group]Run tauri-apps/tauri-action@v0
release (windows-latest)	Build and Create Release	2025-12-16T06:52:37.5204841Z with:
release (windows-latest)	Build and Create Release	2025-12-16T06:52:37.5204987Z   tagName: v1.0.0
release (windows-latest)	Build and Create Release	2025-12-16T06:52:37.5205188Z   releaseName: NewGAN Manager 26 v__VERSION__
release (windows-latest)	Build and Create Release	2025-12-16T06:52:37.5205505Z   releaseBody: See the assets to download this version and install.
release (windows-latest)	Build and Create Release	2025-12-16T06:52:37.5205806Z   releaseDraft: true
release (windows-latest)	Build and Create Release	2025-12-16T06:52:37.5205975Z   prerelease: false
release (windows-latest)	Build and Create Release	2025-12-16T06:52:37.5206149Z   projectPath: .
release (windows-latest)	Build and Create Release	2025-12-16T06:52:37.5206325Z   includeDebug: false
release (windows-latest)	Build and Create Release	2025-12-16T06:52:37.5206494Z   includeRelease: true
release (windows-latest)	Build and Create Release	2025-12-16T06:52:37.5206678Z   includeUpdaterJson: true
release (windows-latest)	Build and Create Release	2025-12-16T06:52:37.5206877Z   updaterJsonKeepUniversal: false
release (windows-latest)	Build and Create Release	2025-12-16T06:52:37.5207313Z   uploadPlainBinary: false
release (windows-latest)	Build and Create Release	2025-12-16T06:52:37.5207485Z env:
release (windows-latest)	Build and Create Release	2025-12-16T06:52:37.5207643Z   CARGO_HOME: C:\Users\runneradmin\.cargo
release (windows-latest)	Build and Create Release	2025-12-16T06:52:37.5207860Z   CARGO_INCREMENTAL: 0
release (windows-latest)	Build and Create Release	2025-12-16T06:52:37.5208038Z   CARGO_TERM_COLOR: always
release (windows-latest)	Build and Create Release	2025-12-16T06:52:37.5208467Z   GITHUB_TOKEN: ***
release (windows-latest)	Build and Create Release	2025-12-16T06:52:37.5208669Z ##[endgroup]
release (windows-latest)	Build and Create Release	2025-12-16T06:52:37.7411960Z running npm [ 'run', 'tauri', 'build' ]
release (windows-latest)	Build and Create Release	2025-12-16T06:52:38.1344402Z 
release (windows-latest)	Build and Create Release	2025-12-16T06:52:38.1345365Z > newgan-app@0.1.0 tauri
release (windows-latest)	Build and Create Release	2025-12-16T06:52:38.1345836Z > tauri build
release (windows-latest)	Build and Create Release	2025-12-16T06:52:38.1346006Z 
release (windows-latest)	Build and Create Release	2025-12-16T06:52:40.0099822Z         Info Looking up installed tauri packages to check mismatched versions...
release (windows-latest)	Build and Create Release	2025-12-16T06:52:40.9759174Z      Running beforeBuildCommand `npm run build`
release (windows-latest)	Build and Create Release	2025-12-16T06:52:41.3182991Z 
release (windows-latest)	Build and Create Release	2025-12-16T06:52:41.3183597Z > newgan-app@0.1.0 build
release (windows-latest)	Build and Create Release	2025-12-16T06:52:41.3183989Z > vite build
release (windows-latest)	Build and Create Release	2025-12-16T06:52:41.3184174Z 
release (windows-latest)	Build and Create Release	2025-12-16T06:52:41.8662941Z â–² [WARNING] Cannot find base config file "./.svelte-kit/tsconfig.json" [tsconfig.json]
release (windows-latest)	Build and Create Release	2025-12-16T06:52:41.8663580Z 
release (windows-latest)	Build and Create Release	2025-12-16T06:52:41.8663747Z     tsconfig.json:2:13:
release (windows-latest)	Build and Create Release	2025-12-16T06:52:41.8664588Z       2 â”‚   "extends": "./.svelte-kit/tsconfig.json",
release (windows-latest)	Build and Create Release	2025-12-16T06:52:41.8667087Z         â•µ              ~~~~~~~~~~~~~~~~~~~~~~~~~~~~~
release (windows-latest)	Build and Create Release	2025-12-16T06:52:41.8667621Z 
release (windows-latest)	Build and Create Release	2025-12-16T06:52:43.5194530Z [36mvite v6.4.1 [32mbuilding SSR bundle for production...[36m[39m
release (windows-latest)	Build and Create Release	2025-12-16T06:52:43.5855210Z transforming...
release (windows-latest)	Build and Create Release	2025-12-16T06:52:45.0390619Z [32mâœ“[39m 198 modules transformed.
release (windows-latest)	Build and Create Release	2025-12-16T06:52:45.1579812Z rendering chunks...
release (windows-latest)	Build and Create Release	2025-12-16T06:52:45.9285132Z [36mvite v6.4.1 [32mbuilding for production...[36m[39m
release (windows-latest)	Build and Create Release	2025-12-16T06:52:45.9342171Z transforming...
release (windows-latest)	Build and Create Release	2025-12-16T06:52:46.9223306Z [32mâœ“[39m 162 modules transformed.
release (windows-latest)	Build and Create Release	2025-12-16T06:52:46.9880245Z rendering chunks...
release (windows-latest)	Build and Create Release	2025-12-16T06:52:47.0194502Z computing gzip size...
release (windows-latest)	Build and Create Release	2025-12-16T06:52:47.0263243Z [2m.svelte-kit/output/client/[22m[32m_app/version.json                       [39m[1m[2m 0.03 kB[22m[1m[22m[2m â”‚ gzip:  0.05 kB[22m
release (windows-latest)	Build and Create Release	2025-12-16T06:52:47.0265237Z [2m.svelte-kit/output/client/[22m[32m.vite/manifest.json                     [39m[1m[2m 2.76 kB[22m[1m[22m[2m â”‚ gzip:  0.54 kB[22m
release (windows-latest)	Build and Create Release	2025-12-16T06:52:47.0267185Z [2m.svelte-kit/output/client/[22m[35m_app/immutable/assets/0.CZswD2ki.css    [39m[1m[2m23.21 kB[22m[1m[22m[2m â”‚ gzip:  5.25 kB[22m
release (windows-latest)	Build and Create Release	2025-12-16T06:52:47.0269284Z [2m.svelte-kit/output/client/[22m[36m_app/immutable/entry/start.DdE5lqng.js  [39m[1m[2m 0.08 kB[22m[1m[22m[2m â”‚ gzip:  0.09 kB[22m
release (windows-latest)	Build and Create Release	2025-12-16T06:52:47.0287539Z [2m.svelte-kit/output/client/[22m[36m_app/immutable/chunks/0JpcnLrc.js       [39m[1m[2m 0.25 kB[22m[1m[22m[2m â”‚ gzip:  0.20 kB[22m
release (windows-latest)	Build and Create Release	2025-12-16T06:52:47.0289436Z [2m.svelte-kit/output/client/[22m[36m_app/immutable/nodes/1.BpiLjwOC.js      [39m[1m[2m 0.99 kB[22m[1m[22m[2m â”‚ gzip:  0.59 kB[22m
release (windows-latest)	Build and Create Release	2025-12-16T06:52:47.0291204Z [2m.svelte-kit/output/client/[22m[36m_app/immutable/chunks/pX0eG8lA.js       [39m[1m[2m 3.14 kB[22m[1m[22m[2m â”‚ gzip:  1.43 kB[22m
release (windows-latest)	Build and Create Release	2025-12-16T06:52:47.0293028Z [2m.svelte-kit/output/client/[22m[36m_app/immutable/nodes/0.LgiLn_14.js      [39m[1m[2m 4.53 kB[22m[1m[22m[2m â”‚ gzip:  2.04 kB[22m
release (windows-latest)	Build and Create Release	2025-12-16T06:52:47.0294901Z [2m.svelte-kit/output/client/[22m[36m_app/immutable/entry/app.BFetjkt9.js    [39m[1m[2m 7.06 kB[22m[1m[22m[2m â”‚ gzip:  3.27 kB[22m
release (windows-latest)	Build and Create Release	2025-12-16T06:52:47.0300028Z [2m.svelte-kit/output/client/[22m[36m_app/immutable/chunks/UQnqJwno.js       [39m[1m[2m 8.44 kB[22m[1m[22m[2m â”‚ gzip:  3.56 kB[22m
release (windows-latest)	Build and Create Release	2025-12-16T06:52:47.0301880Z [2m.svelte-kit/output/client/[22m[36m_app/immutable/nodes/2.Ch3lyR9v.js      [39m[1m[2m 9.31 kB[22m[1m[22m[2m â”‚ gzip:  3.24 kB[22m
release (windows-latest)	Build and Create Release	2025-12-16T06:52:47.0303743Z [2m.svelte-kit/output/client/[22m[36m_app/immutable/chunks/EXuWDuC8.js       [39m[1m[2m18.67 kB[22m[1m[22m[2m â”‚ gzip:  8.00 kB[22m
release (windows-latest)	Build and Create Release	2025-12-16T06:52:47.0305586Z [2m.svelte-kit/output/client/[22m[36m_app/immutable/chunks/Cashtuix.js       [39m[1m[2m24.95 kB[22m[1m[22m[2m â”‚ gzip:  9.76 kB[22m
release (windows-latest)	Build and Create Release	2025-12-16T06:52:47.0307721Z [2m.svelte-kit/output/client/[22m[36m_app/immutable/chunks/CZwNNb42.js       [39m[1m[2m27.52 kB[22m[1m[22m[2m â”‚ gzip: 10.65 kB[22m
release (windows-latest)	Build and Create Release	2025-12-16T06:52:47.0308837Z [32mâœ“ built in 1.10s[39m
release (windows-latest)	Build and Create Release	2025-12-16T06:52:47.7153959Z [2m.svelte-kit/output/server/[22m[32m.vite/manifest.json                         [39m[1m[2m  3.19 kB[22m[1m[22m
release (windows-latest)	Build and Create Release	2025-12-16T06:52:47.7158875Z [2m.svelte-kit/output/server/[22m[35m_app/immutable/assets/_layout.C7aZmhg8.css  [39m[1m[2m 23.09 kB[22m[1m[22m
release (windows-latest)	Build and Create Release	2025-12-16T06:52:47.7160917Z [2m.svelte-kit/output/server/[22m[36mentries/pages/_layout.ts.js                 [39m[1m[2m  0.04 kB[22m[1m[22m
release (windows-latest)	Build and Create Release	2025-12-16T06:52:47.7162432Z [2m.svelte-kit/output/server/[22m[36mchunks/false.js                             [39m[1m[2m  0.05 kB[22m[1m[22m
release (windows-latest)	Build and Create Release	2025-12-16T06:52:47.7163609Z [2m.svelte-kit/output/server/[22m[36minternal.js                                 [39m[1m[2m  0.33 kB[22m[1m[22m
release (windows-latest)	Build and Create Release	2025-12-16T06:52:47.7164590Z [2m.svelte-kit/output/server/[22m[36mchunks/environment.js                       [39m[1m[2m  0.62 kB[22m[1m[22m
release (windows-latest)	Build and Create Release	2025-12-16T06:52:47.7165971Z [2m.svelte-kit/output/server/[22m[36mchunks/utils.js                             [39m[1m[2m  1.15 kB[22m[1m[22m
release (windows-latest)	Build and Create Release	2025-12-16T06:52:47.7167419Z [2m.svelte-kit/output/server/[22m[36mentries/fallbacks/error.svelte.js           [39m[1m[2m  1.35 kB[22m[1m[22m
release (windows-latest)	Build and Create Release	2025-12-16T06:52:47.7168915Z [2m.svelte-kit/output/server/[22m[36mchunks/index.js                             [39m[1m[2m  2.66 kB[22m[1m[22m
release (windows-latest)	Build and Create Release	2025-12-16T06:52:47.7170749Z [2m.svelte-kit/output/server/[22m[36mentries/pages/_layout.svelte.js             [39m[1m[2m  4.09 kB[22m[1m[22m
release (windows-latest)	Build and Create Release	2025-12-16T06:52:47.7172259Z [2m.svelte-kit/output/server/[22m[36mentries/pages/_page.svelte.js               [39m[1m[2m  5.46 kB[22m[1m[22m
release (windows-latest)	Build and Create Release	2025-12-16T06:52:47.7173171Z [2m.svelte-kit/output/server/[22m[36mchunks/exports.js                           [39m[1m[2m  5.52 kB[22m[1m[22m
release (windows-latest)	Build and Create Release	2025-12-16T06:52:47.7173910Z [2m.svelte-kit/output/server/[22m[36mchunks/index3.js                            [39m[1m[2m 15.44 kB[22m[1m[22m
release (windows-latest)	Build and Create Release	2025-12-16T06:52:47.7175041Z [2m.svelte-kit/output/server/[22m[36mchunks/shared.js                            [39m[1m[2m 17.70 kB[22m[1m[22m
release (windows-latest)	Build and Create Release	2025-12-16T06:52:47.7176098Z [2m.svelte-kit/output/server/[22m[36mremote-entry.js                             [39m[1m[2m 18.87 kB[22m[1m[22m
release (windows-latest)	Build and Create Release	2025-12-16T06:52:47.7176822Z [2m.svelte-kit/output/server/[22m[36mchunks/index2.js                            [39m[1m[2m 28.03 kB[22m[1m[22m
release (windows-latest)	Build and Create Release	2025-12-16T06:52:47.7177547Z [2m.svelte-kit/output/server/[22m[36mchunks/internal.js                          [39m[1m[2m 28.21 kB[22m[1m[22m
release (windows-latest)	Build and Create Release	2025-12-16T06:52:47.7178260Z [2m.svelte-kit/output/server/[22m[36mchunks/context.js                           [39m[1m[2m 52.68 kB[22m[1m[22m
release (windows-latest)	Build and Create Release	2025-12-16T06:52:47.7178940Z [2m.svelte-kit/output/server/[22m[36mindex.js                                    [39m[1m[2m126.68 kB[22m[1m[22m
release (windows-latest)	Build and Create Release	2025-12-16T06:52:47.7179403Z [32mâœ“ built in 4.16s[39m
release (windows-latest)	Build and Create Release	2025-12-16T06:52:47.7179538Z 
release (windows-latest)	Build and Create Release	2025-12-16T06:52:47.7179745Z Run npm run preview to preview your production build locally.
release (windows-latest)	Build and Create Release	2025-12-16T06:52:47.7240571Z 
release (windows-latest)	Build and Create Release	2025-12-16T06:52:47.7241308Z > Using @sveltejs/adapter-static
release (windows-latest)	Build and Create Release	2025-12-16T06:52:48.4185651Z   Wrote site to "build"
release (windows-latest)	Build and Create Release	2025-12-16T06:52:48.4186969Z   âœ” done
release (windows-latest)	Build and Create Release	2025-12-16T06:52:48.9436811Z [1m[92m    Updating[0m crates.io index
release (windows-latest)	Build and Create Release	2025-12-16T06:52:52.8517824Z [1m[92m Downloading[0m crates ...
release (windows-latest)	Build and Create Release	2025-12-16T06:52:53.0037957Z [1m[92m  Downloaded[0m bitflags v2.10.0
release (windows-latest)	Build and Create Release	2025-12-16T06:52:53.0651328Z [1m[92m  Downloaded[0m scopeguard v1.2.0
release (windows-latest)	Build and Create Release	2025-12-16T06:52:53.0826427Z [1m[92m  Downloaded[0m socket2 v0.6.1
release (windows-latest)	Build and Create Release	2025-12-16T06:52:53.1115980Z [1m[92m  Downloaded[0m siphasher v0.3.11
release (windows-latest)	Build and Create Release	2025-12-16T06:52:53.1288464Z [1m[92m  Downloaded[0m strsim v0.11.1
release (windows-latest)	Build and Create Release	2025-12-16T06:52:53.1459976Z [1m[92m  Downloaded[0m time-core v0.1.6
release (windows-latest)	Build and Create Release	2025-12-16T06:52:53.1619709Z [1m[92m  Downloaded[0m time-macros v0.2.24
release (windows-latest)	Build and Create Release	2025-12-16T06:52:53.1916398Z [1m[92m  Downloaded[0m utf8_iter v1.0.4
release (windows-latest)	Build and Create Release	2025-12-16T06:52:53.2048564Z [1m[92m  Downloaded[0m windows-targets v0.53.5
release (windows-latest)	Build and Create Release	2025-12-16T06:52:53.2168348Z [1m[92m  Downloaded[0m zerofrom-derive v0.1.6
release (windows-latest)	Build and Create Release	2025-12-16T06:52:53.2321425Z [1m[92m  Downloaded[0m zerovec-derive v0.11.2
release (windows-latest)	Build and Create Release	2025-12-16T06:52:53.2470346Z [1m[92m  Downloaded[0m typenum v1.19.0
release (windows-latest)	Build and Create Release	2025-12-16T06:52:53.2739488Z [1m[92m  Downloaded[0m tauri-plugin-fs v2.4.4
release (windows-latest)	Build and Create Release	2025-12-16T06:52:53.3581507Z [1m[92m  Downloaded[0m syn v1.0.109
release (windows-latest)	Build and Create Release	2025-12-16T06:52:53.4466960Z [1m[92m  Downloaded[0m regex v1.12.2
release (windows-latest)	Build and Create Release	2025-12-16T06:52:53.5106278Z [1m[92m  Downloaded[0m url v2.5.7
release (windows-latest)	Build and Create Release	2025-12-16T06:52:53.5328115Z [1m[92m  Downloaded[0m unicode-segmentation v1.12.0
release (windows-latest)	Build and Create Release	2025-12-16T06:52:53.5533929Z [1m[92m  Downloaded[0m regex-syntax v0.8.8
release (windows-latest)	Build and Create Release	2025-12-16T06:52:53.6045027Z [1m[92m  Downloaded[0m tokio v1.48.0
release (windows-latest)	Build and Create Release	2025-12-16T06:52:54.0499578Z [1m[92m  Downloaded[0m regex-automata v0.4.13
release (windows-latest)	Build and Create Release	2025-12-16T06:52:54.6439745Z [1m[92m  Downloaded[0m tauri v2.9.5
release (windows-latest)	Build and Create Release	2025-12-16T06:52:54.7874381Z [1m[92m  Downloaded[0m tao v0.34.5
release (windows-latest)	Build and Create Release	2025-12-16T06:52:54.8924606Z [1m[92m  Downloaded[0m winnow v0.7.14
release (windows-latest)	Build and Create Release	2025-12-16T06:52:55.2048485Z [1m[92m  Downloaded[0m syn v2.0.111
release (windows-latest)	Build and Create Release	2025-12-16T06:52:55.8687773Z [1m[92m  Downloaded[0m rayon v1.11.0
release (windows-latest)	Build and Create Release	2025-12-16T06:52:56.2402033Z [1m[92m  Downloaded[0m quick-xml v0.36.2
release (windows-latest)	Build and Create Release	2025-12-16T06:52:56.4293502Z [1m[92m  Downloaded[0m serde_json v1.0.145
release (windows-latest)	Build and Create Release	2025-12-16T06:52:56.6652439Z [1m[92m  Downloaded[0m tracing v0.1.43
release (windows-latest)	Build and Create Release	2025-12-16T06:52:56.7088953Z [1m[92m  Downloaded[0m time v0.3.44
release (windows-latest)	Build and Create Release	2025-12-16T06:52:56.7901107Z [1m[92m  Downloaded[0m tauri-plugin-dialog v2.4.2
release (windows-latest)	Build and Create Release	2025-12-16T06:52:56.8569854Z [1m[92m  Downloaded[0m serde_with v3.16.1
release (windows-latest)	Build and Create Release	2025-12-16T06:52:57.5424804Z [1m[92m  Downloaded[0m png v0.17.16
release (windows-latest)	Build and Create Release	2025-12-16T06:52:57.6116512Z [1m[92m  Downloaded[0m winreg v0.55.0
release (windows-latest)	Build and Create Release	2025-12-16T06:52:57.6568443Z [1m[92m  Downloaded[0m zerofrom v0.1.6
release (windows-latest)	Build and Create Release	2025-12-16T06:52:57.6653025Z [1m[92m  Downloaded[0m yoke-derive v0.8.1
release (windows-latest)	Build and Create Release	2025-12-16T06:52:57.6747574Z [1m[92m  Downloaded[0m yoke v0.8.1
release (windows-latest)	Build and Create Release	2025-12-16T06:52:57.6951871Z [1m[92m  Downloaded[0m writeable v0.6.2
release (windows-latest)	Build and Create Release	2025-12-16T06:52:57.7123025Z [1m[92m  Downloaded[0m windows-version v0.1.7
release (windows-latest)	Build and Create Release	2025-12-16T06:52:57.7231994Z [1m[92m  Downloaded[0m windows-threading v0.1.0
release (windows-latest)	Build and Create Release	2025-12-16T06:52:57.7378186Z [1m[92m  Downloaded[0m windows-targets v0.52.6
release (windows-latest)	Build and Create Release	2025-12-16T06:52:57.7510585Z [1m[92m  Downloaded[0m windows-strings v0.4.2
release (windows-latest)	Build and Create Release	2025-12-16T06:52:57.7684129Z [1m[92m  Downloaded[0m windows-result v0.3.4
release (windows-latest)	Build and Create Release	2025-12-16T06:52:57.7832752Z [1m[92m  Downloaded[0m windows-numerics v0.2.0
release (windows-latest)	Build and Create Release	2025-12-16T06:52:57.7998012Z [1m[92m  Downloaded[0m windows-core v0.61.2
release (windows-latest)	Build and Create Release	2025-12-16T06:52:57.8292892Z [1m[92m  Downloaded[0m window-vibrancy v0.6.0
release (windows-latest)	Build and Create Release	2025-12-16T06:52:57.8700308Z [1m[92m  Downloaded[0m webview2-com-macros v0.8.0
release (windows-latest)	Build and Create Release	2025-12-16T06:52:57.8766853Z [1m[92m  Downloaded[0m webview2-com v0.38.0
release (windows-latest)	Build and Create Release	2025-12-16T06:52:57.8892651Z [1m[92m  Downloaded[0m walkdir v2.5.0
release (windows-latest)	Build and Create Release	2025-12-16T06:52:57.9103806Z [1m[92m  Downloaded[0m version_check v0.9.5
release (windows-latest)	Build and Create Release	2025-12-16T06:52:57.9247471Z [1m[92m  Downloaded[0m uuid v1.19.0
release (windows-latest)	Build and Create Release	2025-12-16T06:52:57.9534232Z [1m[92m  Downloaded[0m tauri-utils v2.8.1
release (windows-latest)	Build and Create Release	2025-12-16T06:52:57.9867599Z [1m[92m  Downloaded[0m zerotrie v0.2.3
release (windows-latest)	Build and Create Release	2025-12-16T06:52:58.0319447Z [1m[92m  Downloaded[0m serde v1.0.228
release (windows-latest)	Build and Create Release	2025-12-16T06:52:58.0640606Z [1m[92m  Downloaded[0m schemars v1.1.0
release (windows-latest)	Build and Create Release	2025-12-16T06:52:58.8287463Z [1m[92m  Downloaded[0m wry v0.53.5
release (windows-latest)	Build and Create Release	2025-12-16T06:52:58.8988809Z [1m[92m  Downloaded[0m zerovec v0.11.5
release (windows-latest)	Build and Create Release	2025-12-16T06:52:58.9526385Z [1m[92m  Downloaded[0m rayon-core v1.13.0
release (windows-latest)	Build and Create Release	2025-12-16T06:52:58.9971342Z [1m[92m  Downloaded[0m rand v0.8.5
release (windows-latest)	Build and Create Release	2025-12-16T06:52:59.0270060Z [1m[92m  Downloaded[0m windows-link v0.2.1
release (windows-latest)	Build and Create Release	2025-12-16T06:52:59.0381327Z [1m[92m  Downloaded[0m windows-link v0.1.3
release (windows-latest)	Build and Create Release	2025-12-16T06:52:59.0457430Z [1m[92m  Downloaded[0m zerocopy v0.8.31
release (windows-latest)	Build and Create Release	2025-12-16T06:52:59.3676015Z [1m[92m  Downloaded[0m windows-interface v0.59.3
release (windows-latest)	Build and Create Release	2025-12-16T06:52:59.3762791Z [1m[92m  Downloaded[0m windows-implement v0.60.2
release (windows-latest)	Build and Create Release	2025-12-16T06:52:59.3845688Z [1m[92m  Downloaded[0m windows-future v0.2.1
release (windows-latest)	Build and Create Release	2025-12-16T06:52:59.3987643Z [1m[92m  Downloaded[0m windows-collections v0.2.0
release (windows-latest)	Build and Create Release	2025-12-16T06:52:59.4097397Z [1m[92m  Downloaded[0m windows_x86_64_msvc v0.52.6
release (windows-latest)	Build and Create Release	2025-12-16T06:52:59.4307992Z [1m[92m  Downloaded[0m winapi-util v0.1.11
release (windows-latest)	Build and Create Release	2025-12-16T06:52:59.4471918Z [1m[92m  Downloaded[0m vswhom-sys v0.1.3
release (windows-latest)	Build and Create Release	2025-12-16T06:52:59.4592173Z [1m[92m  Downloaded[0m vswhom v0.1.0
release (windows-latest)	Build and Create Release	2025-12-16T06:52:59.4690850Z [1m[92m  Downloaded[0m urlpattern v0.3.0
release (windows-latest)	Build and Create Release	2025-12-16T06:52:59.4848239Z [1m[92m  Downloaded[0m unicode-ident v1.0.22
release (windows-latest)	Build and Create Release	2025-12-16T06:52:59.5113850Z [1m[92m  Downloaded[0m unic-char-property v0.9.0
release (windows-latest)	Build and Create Release	2025-12-16T06:52:59.5261840Z [1m[92m  Downloaded[0m typeid v1.0.3
release (windows-latest)	Build and Create Release	2025-12-16T06:52:59.5423345Z [1m[92m  Downloaded[0m tray-icon v0.21.2
release (windows-latest)	Build and Create Release	2025-12-16T06:52:59.5584666Z [1m[92m  Downloaded[0m tracing-core v0.1.35
release (windows-latest)	Build and Create Release	2025-12-16T06:52:59.5789665Z [1m[92m  Downloaded[0m tracing-attributes v0.1.31
release (windows-latest)	Build and Create Release	2025-12-16T06:52:59.6016328Z [1m[92m  Downloaded[0m toml_writer v1.0.4
release (windows-latest)	Build and Create Release	2025-12-16T06:52:59.6113261Z [1m[92m  Downloaded[0m toml_parser v1.0.4
release (windows-latest)	Build and Create Release	2025-12-16T06:52:59.6282993Z [1m[92m  Downloaded[0m toml_datetime v0.7.3
release (windows-latest)	Build and Create Release	2025-12-16T06:52:59.6385683Z [1m[92m  Downloaded[0m toml v0.9.8
release (windows-latest)	Build and Create Release	2025-12-16T06:52:59.6704302Z [1m[92m  Downloaded[0m tinystr v0.8.2
release (windows-latest)	Build and Create Release	2025-12-16T06:52:59.6885729Z [1m[92m  Downloaded[0m tauri-runtime-wry v2.9.3
release (windows-latest)	Build and Create Release	2025-12-16T06:52:59.7055677Z [1m[92m  Downloaded[0m softbuffer v0.4.8
release (windows-latest)	Build and Create Release	2025-12-16T06:53:00.2026562Z [1m[92m  Downloaded[0m schemars v0.9.0
release (windows-latest)	Build and Create Release	2025-12-16T06:53:00.3442215Z [1m[92m  Downloaded[0m rand v0.7.3
release (windows-latest)	Build and Create Release	2025-12-16T06:53:00.3811479Z [1m[92m  Downloaded[0m proc-macro2 v1.0.103
release (windows-latest)	Build and Create Release	2025-12-16T06:53:00.4074936Z [1m[92m  Downloaded[0m mio v1.1.1
release (windows-latest)	Build and Create Release	2025-12-16T06:53:00.4549145Z [1m[92m  Downloaded[0m libc v0.2.178
release (windows-latest)	Build and Create Release	2025-12-16T06:53:00.7021687Z [1m[92m  Downloaded[0m brotli v8.0.2
release (windows-latest)	Build and Create Release	2025-12-16T06:53:00.7709646Z [1m[92m  Downloaded[0m utf-8 v0.7.6
release (windows-latest)	Build and Create Release	2025-12-16T06:53:00.7815957Z [1m[92m  Downloaded[0m unic-ucd-version v0.9.0
release (windows-latest)	Build and Create Release	2025-12-16T06:53:00.7902014Z [1m[92m  Downloaded[0m unic-ucd-ident v0.9.0
release (windows-latest)	Build and Create Release	2025-12-16T06:53:00.8042685Z [1m[92m  Downloaded[0m unic-common v0.9.0
release (windows-latest)	Build and Create Release	2025-12-16T06:53:00.8109457Z [1m[92m  Downloaded[0m windows_x86_64_msvc v0.53.1
release (windows-latest)	Build and Create Release	2025-12-16T06:53:00.8315304Z [1m[92m  Downloaded[0m unic-char-range v0.9.0
release (windows-latest)	Build and Create Release	2025-12-16T06:53:00.8453881Z [1m[92m  Downloaded[0m tauri-plugin-opener v2.5.2
release (windows-latest)	Build and Create Release	2025-12-16T06:53:00.8788398Z [1m[92m  Downloaded[0m smallvec v1.15.1
release (windows-latest)	Build and Create Release	2025-12-16T06:53:00.8971663Z [1m[92m  Downloaded[0m serde_with_macros v3.16.1
release (windows-latest)	Build and Create Release	2025-12-16T06:53:00.9113479Z [1m[92m  Downloaded[0m serde_core v1.0.228
release (windows-latest)	Build and Create Release	2025-12-16T06:53:00.9320172Z [1m[92m  Downloaded[0m schemars v0.8.22
release (windows-latest)	Build and Create Release	2025-12-16T06:53:01.0626229Z [1m[92m  Downloaded[0m rfd v0.15.4
release (windows-latest)	Build and Create Release	2025-12-16T06:53:01.4989879Z [1m[92m  Downloaded[0m ppv-lite86 v0.2.21
release (windows-latest)	Build and Create Release	2025-12-16T06:53:01.5091703Z [1m[92m  Downloaded[0m muda v0.17.1
release (windows-latest)	Build and Create Release	2025-12-16T06:53:01.5539700Z [1m[92m  Downloaded[0m chrono v0.4.42
release (windows-latest)	Build and Create Release	2025-12-16T06:53:01.5944246Z [1m[92m  Downloaded[0m brotli-decompressor v5.0.0
release (windows-latest)	Build and Create Release	2025-12-16T06:53:01.6375216Z [1m[92m  Downloaded[0m tauri-plugin v2.5.2
release (windows-latest)	Build and Create Release	2025-12-16T06:53:01.6502794Z [1m[92m  Downloaded[0m tauri-macros v2.5.2
release (windows-latest)	Build and Create Release	2025-12-16T06:53:01.6613428Z [1m[92m  Downloaded[0m tauri-codegen v2.5.2
release (windows-latest)	Build and Create Release	2025-12-16T06:53:01.6741571Z [1m[92m  Downloaded[0m tauri-build v2.5.3
release (windows-latest)	Build and Create Release	2025-12-16T06:53:01.6862162Z [1m[92m  Downloaded[0m string_cache v0.8.9
release (windows-latest)	Build and Create Release	2025-12-16T06:53:01.7004557Z [1m[92m  Downloaded[0m simd-adler32 v0.3.8
release (windows-latest)	Build and Create Release	2025-12-16T06:53:01.7175663Z [1m[92m  Downloaded[0m semver v1.0.27
release (windows-latest)	Build and Create Release	2025-12-16T06:53:01.7381714Z [1m[92m  Downloaded[0m selectors v0.24.0
release (windows-latest)	Build and Create Release	2025-12-16T06:53:01.7492948Z [1m[92m  Downloaded[0m schemars_derive v0.8.22
release (windows-latest)	Build and Create Release	2025-12-16T06:53:01.7639716Z [1m[92m  Downloaded[0m ryu v1.0.20
release (windows-latest)	Build and Create Release	2025-12-16T06:53:01.7921769Z [1m[92m  Downloaded[0m rand_core v0.6.4
release (windows-latest)	Build and Create Release	2025-12-16T06:53:01.8019691Z [1m[92m  Downloaded[0m quote v1.0.42
release (windows-latest)	Build and Create Release	2025-12-16T06:53:01.8270493Z [1m[92m  Downloaded[0m pin-project-lite v0.2.16
release (windows-latest)	Build and Create Release	2025-12-16T06:53:01.8935480Z [1m[92m  Downloaded[0m phf_macros v0.11.3
release (windows-latest)	Build and Create Release	2025-12-16T06:53:01.9013022Z [1m[92m  Downloaded[0m phf v0.11.3
release (windows-latest)	Build and Create Release	2025-12-16T06:53:01.9130561Z [1m[92m  Downloaded[0m parking_lot_core v0.9.12
release (windows-latest)	Build and Create Release	2025-12-16T06:53:01.9344822Z [1m[92m  Downloaded[0m parking_lot v0.12.5
release (windows-latest)	Build and Create Release	2025-12-16T06:53:01.9549213Z [1m[92m  Downloaded[0m open v5.3.3
release (windows-latest)	Build and Create Release	2025-12-16T06:53:01.9707942Z [1m[92m  Downloaded[0m memchr v2.7.6
release (windows-latest)	Build and Create Release	2025-12-16T06:53:02.0176774Z [1m[92m  Downloaded[0m indexmap v2.12.1
release (windows-latest)	Build and Create Release	2025-12-16T06:53:02.0486473Z [1m[92m  Downloaded[0m idna v1.1.0
release (windows-latest)	Build and Create Release	2025-12-16T06:53:02.0667207Z [1m[92m  Downloaded[0m icu_properties_data v2.1.2
release (windows-latest)	Build and Create Release	2025-12-16T06:53:02.1863499Z [1m[92m  Downloaded[0m icu_collections v2.1.1
release (windows-latest)	Build and Create Release	2025-12-16T06:53:02.2440032Z [1m[92m  Downloaded[0m ico v0.4.0
release (windows-latest)	Build and Create Release	2025-12-16T06:53:02.2681448Z [1m[92m  Downloaded[0m http v1.4.0
release (windows-latest)	Build and Create Release	2025-12-16T06:53:02.2963040Z [1m[92m  Downloaded[0m html5ever v0.29.1
release (windows-latest)	Build and Create Release	2025-12-16T06:53:02.3326323Z [1m[92m  Downloaded[0m hashbrown v0.16.1
release (windows-latest)	Build and Create Release	2025-12-16T06:53:02.3639991Z [1m[92m  Downloaded[0m hashbrown v0.12.3
release (windows-latest)	Build and Create Release	2025-12-16T06:53:02.3878458Z [1m[92m  Downloaded[0m flate2 v1.1.5
release (windows-latest)	Build and Create Release	2025-12-16T06:53:02.4315951Z [1m[92m  Downloaded[0m darling_core v0.21.3
release (windows-latest)	Build and Create Release	2025-12-16T06:53:02.4837328Z [1m[92m  Downloaded[0m crossbeam-channel v0.5.15
release (windows-latest)	Build and Create Release	2025-12-16T06:53:02.5175845Z [1m[92m  Downloaded[0m base64 v0.22.1
release (windows-latest)	Build and Create Release	2025-12-16T06:53:02.9949006Z [1m[92m  Downloaded[0m aho-corasick v1.1.4
release (windows-latest)	Build and Create Release	2025-12-16T06:53:03.0316344Z [1m[92m  Downloaded[0m thiserror-impl v2.0.17
release (windows-latest)	Build and Create Release	2025-12-16T06:53:03.0466601Z [1m[92m  Downloaded[0m thiserror-impl v1.0.69
release (windows-latest)	Build and Create Release	2025-12-16T06:53:03.0614394Z [1m[92m  Downloaded[0m thiserror v2.0.17
release (windows-latest)	Build and Create Release	2025-12-16T06:53:03.1328764Z [1m[92m  Downloaded[0m thiserror v1.0.69
release (windows-latest)	Build and Create Release	2025-12-16T06:53:03.1913327Z [1m[92m  Downloaded[0m termcolor v1.4.1
release (windows-latest)	Build and Create Release	2025-12-16T06:53:03.2003332Z [1m[92m  Downloaded[0m tendril v0.4.3
release (windows-latest)	Build and Create Release	2025-12-16T06:53:03.2171379Z [1m[92m  Downloaded[0m tauri-winres v0.3.5
release (windows-latest)	Build and Create Release	2025-12-16T06:53:03.2312586Z [1m[92m  Downloaded[0m tauri-runtime v2.9.2
release (windows-latest)	Build and Create Release	2025-12-16T06:53:03.2424535Z [1m[92m  Downloaded[0m synstructure v0.13.2
release (windows-latest)	Build and Create Release	2025-12-16T06:53:03.2497496Z [1m[92m  Downloaded[0m windows-sys v0.59.0
release (windows-latest)	Build and Create Release	2025-12-16T06:53:03.7965225Z [1m[92m  Downloaded[0m simplelog v0.12.2
release (windows-latest)	Build and Create Release	2025-12-16T06:53:03.8148317Z [1m[92m  Downloaded[0m shlex v1.3.0
release (windows-latest)	Build and Create Release	2025-12-16T06:53:03.8243253Z [1m[92m  Downloaded[0m sha2 v0.10.9
release (windows-latest)	Build and Create Release	2025-12-16T06:53:03.8499193Z [1m[92m  Downloaded[0m serde_derive_internals v0.29.1
release (windows-latest)	Build and Create Release	2025-12-16T06:53:03.8617493Z [1m[92m  Downloaded[0m serde-untagged v0.1.9
release (windows-latest)	Build and Create Release	2025-12-16T06:53:03.8744809Z [1m[92m  Downloaded[0m windows-sys v0.61.2
release (windows-latest)	Build and Create Release	2025-12-16T06:53:04.5236961Z [1m[92m  Downloaded[0m windows-sys v0.60.2
release (windows-latest)	Build and Create Release	2025-12-16T06:53:04.8191440Z [1m[92m  Downloaded[0m rand_core v0.5.1
release (windows-latest)	Build and Create Release	2025-12-16T06:53:04.8290083Z [1m[92m  Downloaded[0m rand_chacha v0.3.1
release (windows-latest)	Build and Create Release	2025-12-16T06:53:04.8380572Z [1m[92m  Downloaded[0m phf_macros v0.10.0
release (windows-latest)	Build and Create Release	2025-12-16T06:53:04.8431502Z [1m[92m  Downloaded[0m miniz_oxide v0.8.9
release (windows-latest)	Build and Create Release	2025-12-16T06:53:04.8605269Z [1m[92m  Downloaded[0m log v0.4.29
release (windows-latest)	Build and Create Release	2025-12-16T06:53:04.8790806Z [1m[92m  Downloaded[0m litemap v0.8.1
release (windows-latest)	Build and Create Release	2025-12-16T06:53:04.9079108Z [1m[92m  Downloaded[0m kuchikiki v0.8.8-speedreader
release (windows-latest)	Build and Create Release	2025-12-16T06:53:04.9267823Z [1m[92m  Downloaded[0m keyboard-types v0.7.0
release (windows-latest)	Build and Create Release	2025-12-16T06:53:04.9406358Z [1m[92m  Downloaded[0m jsonptr v0.6.3
release (windows-latest)	Build and Create Release	2025-12-16T06:53:04.9619776Z [1m[92m  Downloaded[0m indexmap v1.9.3
release (windows-latest)	Build and Create Release	2025-12-16T06:53:04.9861492Z [1m[92m  Downloaded[0m icu_provider v2.1.1
release (windows-latest)	Build and Create Release	2025-12-16T06:53:05.0048326Z [1m[92m  Downloaded[0m icu_properties v2.1.2
release (windows-latest)	Build and Create Release	2025-12-16T06:53:05.0194005Z [1m[92m  Downloaded[0m icu_normalizer_data v2.1.1
release (windows-latest)	Build and Create Release	2025-12-16T06:53:05.0357295Z [1m[92m  Downloaded[0m icu_locale_core v2.1.1
release (windows-latest)	Build and Create Release	2025-12-16T06:53:05.0973509Z [1m[92m  Downloaded[0m glob v0.3.3
release (windows-latest)	Build and Create Release	2025-12-16T06:53:05.1086312Z [1m[92m  Downloaded[0m derive_more v0.99.20
release (windows-latest)	Build and Create Release	2025-12-16T06:53:05.1507100Z [1m[92m  Downloaded[0m cssparser v0.29.6
release (windows-latest)	Build and Create Release	2025-12-16T06:53:05.1689595Z [1m[92m  Downloaded[0m crossbeam-utils v0.8.21
release (windows-latest)	Build and Create Release	2025-12-16T06:53:05.1961839Z [1m[92m  Downloaded[0m crc32fast v1.5.0
release (windows-latest)	Build and Create Release	2025-12-16T06:53:05.2118193Z [1m[92m  Downloaded[0m cookie v0.18.1
release (windows-latest)	Build and Create Release	2025-12-16T06:53:05.2332037Z [1m[92m  Downloaded[0m camino v1.2.2
release (windows-latest)	Build and Create Release	2025-12-16T06:53:05.2471205Z [1m[92m  Downloaded[0m string_cache_codegen v0.5.4
release (windows-latest)	Build and Create Release	2025-12-16T06:53:05.2539754Z [1m[92m  Downloaded[0m stable_deref_trait v1.2.1
release (windows-latest)	Build and Create Release	2025-12-16T06:53:05.2645704Z [1m[92m  Downloaded[0m siphasher v1.0.1
release (windows-latest)	Build and Create Release	2025-12-16T06:53:05.2736768Z [1m[92m  Downloaded[0m serialize-to-javascript-impl v0.1.2
release (windows-latest)	Build and Create Release	2025-12-16T06:53:05.2796184Z [1m[92m  Downloaded[0m serde_spanned v1.0.3
release (windows-latest)	Build and Create Release	2025-12-16T06:53:05.2876313Z [1m[92m  Downloaded[0m ref-cast v1.0.25
release (windows-latest)	Build and Create Release	2025-12-16T06:53:05.3157889Z [1m[92m  Downloaded[0m rand_chacha v0.2.2
release (windows-latest)	Build and Create Release	2025-12-16T06:53:05.3241950Z [1m[92m  Downloaded[0m precomputed-hash v0.1.1
release (windows-latest)	Build and Create Release	2025-12-16T06:53:05.3322560Z [1m[92m  Downloaded[0m powerfmt v0.2.0
release (windows-latest)	Build and Create Release	2025-12-16T06:53:05.3448387Z [1m[92m  Downloaded[0m potential_utf v0.1.4
release (windows-latest)	Build and Create Release	2025-12-16T06:53:05.3660457Z [1m[92m  Downloaded[0m phf_shared v0.11.3
release (windows-latest)	Build and Create Release	2025-12-16T06:53:05.3732558Z [1m[92m  Downloaded[0m phf_shared v0.8.0
release (windows-latest)	Build and Create Release	2025-12-16T06:53:05.3784982Z [1m[92m  Downloaded[0m phf_generator v0.11.3
release (windows-latest)	Build and Create Release	2025-12-16T06:53:05.3871101Z [1m[92m  Downloaded[0m phf_codegen v0.11.3
release (windows-latest)	Build and Create Release	2025-12-16T06:53:05.3939806Z [1m[92m  Downloaded[0m phf v0.10.1
release (windows-latest)	Build and Create Release	2025-12-16T06:53:05.4021205Z [1m[92m  Downloaded[0m num-conv v0.1.0
release (windows-latest)	Build and Create Release	2025-12-16T06:53:05.4088239Z [1m[92m  Downloaded[0m markup5ever v0.14.1
release (windows-latest)	Build and Create Release	2025-12-16T06:53:05.4207068Z [1m[92m  Downloaded[0m json-patch v3.0.1
release (windows-latest)	Build and Create Release	2025-12-16T06:53:05.4411932Z [1m[92m  Downloaded[0m infer v0.19.0
release (windows-latest)	Build and Create Release	2025-12-16T06:53:05.9312200Z [1m[92m  Downloaded[0m icu_normalizer v2.1.1
release (windows-latest)	Build and Create Release	2025-12-16T06:53:05.9588290Z [1m[92m  Downloaded[0m getrandom v0.3.4
release (windows-latest)	Build and Create Release	2025-12-16T06:53:05.9900477Z [1m[92m  Downloaded[0m getrandom v0.2.16
release (windows-latest)	Build and Create Release	2025-12-16T06:53:06.0146724Z [1m[92m  Downloaded[0m fdeflate v0.3.7
release (windows-latest)	Build and Create Release	2025-12-16T06:53:06.0298031Z [1m[92m  Downloaded[0m erased-serde v0.4.9
release (windows-latest)	Build and Create Release	2025-12-16T06:53:06.0501486Z [1m[92m  Downloaded[0m embed-resource v3.0.6
release (windows-latest)	Build and Create Release	2025-12-16T06:53:06.0647404Z [1m[92m  Downloaded[0m either v1.15.0
release (windows-latest)	Build and Create Release	2025-12-16T06:53:06.0771506Z [1m[92m  Downloaded[0m dtoa-short v0.3.5
release (windows-latest)	Build and Create Release	2025-12-16T06:53:06.0839022Z [1m[92m  Downloaded[0m dtoa v1.0.10
release (windows-latest)	Build and Create Release	2025-12-16T06:53:06.0962732Z [1m[92m  Downloaded[0m displaydoc v0.2.5
release (windows-latest)	Build and Create Release	2025-12-16T06:53:06.1322539Z [1m[92m  Downloaded[0m digest v0.10.7
release (windows-latest)	Build and Create Release	2025-12-16T06:53:06.1494750Z [1m[92m  Downloaded[0m deranged v0.5.5
release (windows-latest)	Build and Create Release	2025-12-16T06:53:06.1578786Z [1m[92m  Downloaded[0m darling v0.21.3
release (windows-latest)	Build and Create Release	2025-12-16T06:53:06.2104889Z [1m[92m  Downloaded[0m crypto-common v0.1.7
release (windows-latest)	Build and Create Release	2025-12-16T06:53:06.2180843Z [1m[92m  Downloaded[0m crossbeam-deque v0.8.6
release (windows-latest)	Build and Create Release	2025-12-16T06:53:06.2280123Z [1m[92m  Downloaded[0m cpufeatures v0.2.17
release (windows-latest)	Build and Create Release	2025-12-16T06:53:06.2415462Z [1m[92m  Downloaded[0m cfb v0.7.3
release (windows-latest)	Build and Create Release	2025-12-16T06:53:06.2712754Z [1m[92m  Downloaded[0m cc v1.2.49
release (windows-latest)	Build and Create Release	2025-12-16T06:53:06.2932808Z [1m[92m  Downloaded[0m autocfg v1.5.0
release (windows-latest)	Build and Create Release	2025-12-16T06:53:06.3098989Z [1m[92m  Downloaded[0m alloc-stdlib v0.2.2
release (windows-latest)	Build and Create Release	2025-12-16T06:53:06.3208685Z [1m[92m  Downloaded[0m serde_repr v0.1.20
release (windows-latest)	Build and Create Release	2025-12-16T06:53:06.3394868Z [1m[92m  Downloaded[0m rustc_version v0.4.1
release (windows-latest)	Build and Create Release	2025-12-16T06:53:06.3525219Z [1m[92m  Downloaded[0m rand_pcg v0.2.1
release (windows-latest)	Build and Create Release	2025-12-16T06:53:06.3632031Z [1m[92m  Downloaded[0m proc-macro-hack v0.5.20+deprecated
release (windows-latest)	Build and Create Release	2025-12-16T06:53:06.3814045Z [1m[92m  Downloaded[0m phf_generator v0.8.0
release (windows-latest)	Build and Create Release	2025-12-16T06:53:06.3885853Z [1m[92m  Downloaded[0m percent-encoding v2.3.2
release (windows-latest)	Build and Create Release	2025-12-16T06:53:06.3956556Z [1m[92m  Downloaded[0m num-traits v0.2.19
release (windows-latest)	Build and Create Release	2025-12-16T06:53:06.4173270Z [1m[92m  Downloaded[0m nodrop v0.1.14
release (windows-latest)	Build and Create Release	2025-12-16T06:53:06.4240301Z [1m[92m  Downloaded[0m new_debug_unreachable v1.0.6
release (windows-latest)	Build and Create Release	2025-12-16T06:53:06.4350719Z [1m[92m  Downloaded[0m mime v0.3.17
release (windows-latest)	Build and Create Release	2025-12-16T06:53:06.4450963Z [1m[92m  Downloaded[0m matches v0.1.10
release (windows-latest)	Build and Create Release	2025-12-16T06:53:06.4519495Z [1m[92m  Downloaded[0m lazy_static v1.5.0
release (windows-latest)	Build and Create Release	2025-12-16T06:53:06.4731995Z [1m[92m  Downloaded[0m itoa v1.0.15
release (windows-latest)	Build and Create Release	2025-12-16T06:53:06.4845527Z [1m[92m  Downloaded[0m idna_adapter v1.2.1
release (windows-latest)	Build and Create Release	2025-12-16T06:53:06.4926743Z [1m[92m  Downloaded[0m hex v0.4.3
release (windows-latest)	Build and Create Release	2025-12-16T06:53:06.5053991Z [1m[92m  Downloaded[0m getrandom v0.1.16
release (windows-latest)	Build and Create Release	2025-12-16T06:53:06.5320389Z [1m[92m  Downloaded[0m generic-array v0.14.7
release (windows-latest)	Build and Create Release	2025-12-16T06:53:06.5450100Z [1m[92m  Downloaded[0m futf v0.1.5
release (windows-latest)	Build and Create Release	2025-12-16T06:53:06.5528629Z [1m[92m  Downloaded[0m equivalent v1.0.2
release (windows-latest)	Build and Create Release	2025-12-16T06:53:06.5611465Z [1m[92m  Downloaded[0m dyn-clone v1.0.20
release (windows-latest)	Build and Create Release	2025-12-16T06:53:06.5741719Z [1m[92m  Downloaded[0m dunce v1.0.5
release (windows-latest)	Build and Create Release	2025-12-16T06:53:06.5840970Z [1m[92m  Downloaded[0m darling_macro v0.21.3
release (windows-latest)	Build and Create Release	2025-12-16T06:53:06.5896853Z [1m[92m  Downloaded[0m convert_case v0.4.0
release (windows-latest)	Build and Create Release	2025-12-16T06:53:06.5978497Z [1m[92m  Downloaded[0m byteorder v1.5.0
release (windows-latest)	Build and Create Release	2025-12-16T06:53:06.6095778Z [1m[92m  Downloaded[0m block-buffer v0.10.4
release (windows-latest)	Build and Create Release	2025-12-16T06:53:06.6178914Z [1m[92m  Downloaded[0m bitflags v1.3.2
release (windows-latest)	Build and Create Release	2025-12-16T06:53:06.6485208Z [1m[92m  Downloaded[0m webview2-com-sys v0.38.0
release (windows-latest)	Build and Create Release	2025-12-16T06:53:06.7399878Z [1m[92m  Downloaded[0m alloc-no-stdlib v2.0.4
release (windows-latest)	Build and Create Release	2025-12-16T06:53:06.7550771Z [1m[92m  Downloaded[0m servo_arc v0.2.0
release (windows-latest)	Build and Create Release	2025-12-16T06:53:06.7609553Z [1m[92m  Downloaded[0m serialize-to-javascript v0.1.2
release (windows-latest)	Build and Create Release	2025-12-16T06:53:06.7696968Z [1m[92m  Downloaded[0m serde_derive v1.0.228
release (windows-latest)	Build and Create Release	2025-12-16T06:53:06.8014736Z [1m[92m  Downloaded[0m same-file v1.0.6
release (windows-latest)	Build and Create Release	2025-12-16T06:53:06.8123886Z [1m[92m  Downloaded[0m ref-cast-impl v1.0.25
release (windows-latest)	Build and Create Release	2025-12-16T06:53:06.8205794Z [1m[92m  Downloaded[0m phf_generator v0.10.0
release (windows-latest)	Build and Create Release	2025-12-16T06:53:06.8276731Z [1m[92m  Downloaded[0m phf_codegen v0.8.0
release (windows-latest)	Build and Create Release	2025-12-16T06:53:06.8326027Z [1m[92m  Downloaded[0m phf v0.8.0
release (windows-latest)	Build and Create Release	2025-12-16T06:53:06.8387259Z [1m[92m  Downloaded[0m option-ext v0.2.0
release (windows-latest)	Build and Create Release	2025-12-16T06:53:06.8454557Z [1m[92m  Downloaded[0m once_cell v1.21.3
release (windows-latest)	Build and Create Release	2025-12-16T06:53:07.3566178Z [1m[92m  Downloaded[0m match_token v0.1.0
release (windows-latest)	Build and Create Release	2025-12-16T06:53:07.3618420Z [1m[92m  Downloaded[0m mac v0.1.1
release (windows-latest)	Build and Create Release	2025-12-16T06:53:07.3718146Z [1m[92m  Downloaded[0m heck v0.5.0
release (windows-latest)	Build and Create Release	2025-12-16T06:53:07.3837737Z [1m[92m  Downloaded[0m form_urlencoded v1.2.2
release (windows-latest)	Build and Create Release	2025-12-16T06:53:07.3902655Z [1m[92m  Downloaded[0m fnv v1.0.7
release (windows-latest)	Build and Create Release	2025-12-16T06:53:07.3971717Z [1m[92m  Downloaded[0m dpi v0.1.2
release (windows-latest)	Build and Create Release	2025-12-16T06:53:07.4049664Z [1m[92m  Downloaded[0m dirs-sys v0.5.0
release (windows-latest)	Build and Create Release	2025-12-16T06:53:07.4153984Z [1m[92m  Downloaded[0m dirs v6.0.0
release (windows-latest)	Build and Create Release	2025-12-16T06:53:07.4259666Z [1m[92m  Downloaded[0m cssparser-macros v0.6.1
release (windows-latest)	Build and Create Release	2025-12-16T06:53:07.4314619Z [1m[92m  Downloaded[0m crossbeam-epoch v0.9.18
release (windows-latest)	Build and Create Release	2025-12-16T06:53:07.4514396Z [1m[92m  Downloaded[0m cargo_toml v0.22.3
release (windows-latest)	Build and Create Release	2025-12-16T06:53:07.4730505Z [1m[92m  Downloaded[0m bytes v1.11.0
release (windows-latest)	Build and Create Release	2025-12-16T06:53:07.5079927Z [1m[92m  Downloaded[0m adler2 v2.0.1
release (windows-latest)	Build and Create Release	2025-12-16T06:53:07.5176298Z [1m[92m  Downloaded[0m raw-window-handle v0.6.2
release (windows-latest)	Build and Create Release	2025-12-16T06:53:07.5333924Z [1m[92m  Downloaded[0m phf_shared v0.10.0
release (windows-latest)	Build and Create Release	2025-12-16T06:53:07.5386193Z [1m[92m  Downloaded[0m lock_api v0.4.14
release (windows-latest)	Build and Create Release	2025-12-16T06:53:07.5469507Z [1m[92m  Downloaded[0m ident_case v1.0.1
release (windows-latest)	Build and Create Release	2025-12-16T06:53:07.5545693Z [1m[92m  Downloaded[0m fxhash v0.2.1
release (windows-latest)	Build and Create Release	2025-12-16T06:53:07.5606522Z [1m[92m  Downloaded[0m find-msvc-tools v0.1.5
release (windows-latest)	Build and Create Release	2025-12-16T06:53:07.5752347Z [1m[92m  Downloaded[0m ctor v0.2.9
release (windows-latest)	Build and Create Release	2025-12-16T06:53:07.5849755Z [1m[92m  Downloaded[0m cfg-if v1.0.4
release (windows-latest)	Build and Create Release	2025-12-16T06:53:07.5960410Z [1m[92m  Downloaded[0m cargo_metadata v0.19.2
release (windows-latest)	Build and Create Release	2025-12-16T06:53:07.6106778Z [1m[92m  Downloaded[0m cargo-platform v0.1.9
release (windows-latest)	Build and Create Release	2025-12-16T06:53:07.6223111Z [1m[92m  Downloaded[0m anyhow v1.0.100
release (windows-latest)	Build and Create Release	2025-12-16T06:53:07.6734532Z [1m[92m  Downloaded[0m windows v0.61.3
release (windows-latest)	Build and Create Release	2025-12-16T06:53:09.4874423Z [1m[92m   Compiling[0m proc-macro2 v1.0.103
release (windows-latest)	Build and Create Release	2025-12-16T06:53:09.4876073Z [1m[92m   Compiling[0m quote v1.0.42
release (windows-latest)	Build and Create Release	2025-12-16T06:53:09.4878374Z [1m[92m   Compiling[0m unicode-ident v1.0.22
release (windows-latest)	Build and Create Release	2025-12-16T06:53:09.4879041Z [1m[92m   Compiling[0m cfg-if v1.0.4
release (windows-latest)	Build and Create Release	2025-12-16T06:53:09.5518061Z [1m[92m   Compiling[0m zerocopy v0.8.31
release (windows-latest)	Build and Create Release	2025-12-16T06:53:09.6127434Z [1m[92m   Compiling[0m serde_core v1.0.228
release (windows-latest)	Build and Create Release	2025-12-16T06:53:11.7318271Z [1m[92m   Compiling[0m getrandom v0.2.16
release (windows-latest)	Build and Create Release	2025-12-16T06:53:11.9379169Z [1m[92m   Compiling[0m rand_core v0.6.4
release (windows-latest)	Build and Create Release	2025-12-16T06:53:12.1768302Z [1m[92m   Compiling[0m icu_properties_data v2.1.2
release (windows-latest)	Build and Create Release	2025-12-16T06:53:12.4056450Z [1m[92m   Compiling[0m icu_normalizer_data v2.1.1
release (windows-latest)	Build and Create Release	2025-12-16T06:53:13.1026579Z [1m[92m   Compiling[0m syn v2.0.111
release (windows-latest)	Build and Create Release	2025-12-16T06:53:13.2007226Z [1m[92m   Compiling[0m stable_deref_trait v1.2.1
release (windows-latest)	Build and Create Release	2025-12-16T06:53:13.2705414Z [1m[92m   Compiling[0m siphasher v1.0.1
release (windows-latest)	Build and Create Release	2025-12-16T06:53:13.5011894Z [1m[92m   Compiling[0m phf_shared v0.11.3
release (windows-latest)	Build and Create Release	2025-12-16T06:53:13.7237989Z [1m[92m   Compiling[0m serde v1.0.228
release (windows-latest)	Build and Create Release	2025-12-16T06:53:14.1503260Z [1m[92m   Compiling[0m smallvec v1.15.1
release (windows-latest)	Build and Create Release	2025-12-16T06:53:14.3743636Z [1m[92m   Compiling[0m ppv-lite86 v0.2.21
release (windows-latest)	Build and Create Release	2025-12-16T06:53:14.3967406Z [1m[92m   Compiling[0m thiserror v2.0.17
release (windows-latest)	Build and Create Release	2025-12-16T06:53:14.8106958Z [1m[92m   Compiling[0m siphasher v0.3.11
release (windows-latest)	Build and Create Release	2025-12-16T06:53:14.9015730Z [1m[92m   Compiling[0m rand_chacha v0.3.1
release (windows-latest)	Build and Create Release	2025-12-16T06:53:15.0307733Z [1m[92m   Compiling[0m getrandom v0.1.16
release (windows-latest)	Build and Create Release	2025-12-16T06:53:15.3129614Z [1m[92m   Compiling[0m rand v0.8.5
release (windows-latest)	Build and Create Release	2025-12-16T06:53:15.3230116Z [1m[92m   Compiling[0m parking_lot_core v0.9.12
release (windows-latest)	Build and Create Release	2025-12-16T06:53:15.5711964Z [1m[92m   Compiling[0m windows-link v0.2.1
release (windows-latest)	Build and Create Release	2025-12-16T06:53:15.6431495Z [1m[92m   Compiling[0m typeid v1.0.3
release (windows-latest)	Build and Create Release	2025-12-16T06:53:15.9509608Z [1m[92m   Compiling[0m fnv v1.0.7
release (windows-latest)	Build and Create Release	2025-12-16T06:53:16.1793464Z [1m[92m   Compiling[0m rand_core v0.5.1
release (windows-latest)	Build and Create Release	2025-12-16T06:53:16.3706735Z [1m[92m   Compiling[0m phf_generator v0.11.3
release (windows-latest)	Build and Create Release	2025-12-16T06:53:16.5127300Z [1m[92m   Compiling[0m litemap v0.8.1
release (windows-latest)	Build and Create Release	2025-12-16T06:53:16.6207211Z [1m[92m   Compiling[0m ident_case v1.0.1
release (windows-latest)	Build and Create Release	2025-12-16T06:53:16.7239850Z [1m[92m   Compiling[0m memchr v2.7.6
release (windows-latest)	Build and Create Release	2025-12-16T06:53:16.7489880Z [1m[92m   Compiling[0m itoa v1.0.15
release (windows-latest)	Build and Create Release	2025-12-16T06:53:16.8828230Z [1m[92m   Compiling[0m erased-serde v0.4.9
release (windows-latest)	Build and Create Release	2025-12-16T06:53:17.1919630Z [1m[92m   Compiling[0m writeable v0.6.2
release (windows-latest)	Build and Create Release	2025-12-16T06:53:17.4094071Z [1m[92m   Compiling[0m syn v1.0.109
release (windows-latest)	Build and Create Release	2025-12-16T06:53:17.7051153Z [1m[92m   Compiling[0m strsim v0.11.1
release (windows-latest)	Build and Create Release	2025-12-16T06:53:17.7574120Z [1m[92m   Compiling[0m thiserror v1.0.69
release (windows-latest)	Build and Create Release	2025-12-16T06:53:18.1608664Z [1m[92m   Compiling[0m getrandom v0.3.4
release (windows-latest)	Build and Create Release	2025-12-16T06:53:18.5264085Z [1m[92m   Compiling[0m synstructure v0.13.2
release (windows-latest)	Build and Create Release	2025-12-16T06:53:19.4165423Z [1m[92m   Compiling[0m darling_core v0.21.3
release (windows-latest)	Build and Create Release	2025-12-16T06:53:20.0624469Z [1m[92m   Compiling[0m rand_pcg v0.2.1
release (windows-latest)	Build and Create Release	2025-12-16T06:53:20.1944530Z [1m[92m   Compiling[0m rand_chacha v0.2.2
release (windows-latest)	Build and Create Release	2025-12-16T06:53:20.7972925Z [1m[92m   Compiling[0m phf_shared v0.8.0
release (windows-latest)	Build and Create Release	2025-12-16T06:53:21.0166642Z [1m[92m   Compiling[0m anyhow v1.0.100
release (windows-latest)	Build and Create Release	2025-12-16T06:53:21.3922705Z [1m[92m   Compiling[0m proc-macro-hack v0.5.20+deprecated
release (windows-latest)	Build and Create Release	2025-12-16T06:53:21.7176548Z [1m[92m   Compiling[0m zerofrom-derive v0.1.6
release (windows-latest)	Build and Create Release	2025-12-16T06:53:21.7357261Z [1m[92m   Compiling[0m yoke-derive v0.8.1
release (windows-latest)	Build and Create Release	2025-12-16T06:53:23.4135121Z [1m[92m   Compiling[0m zerovec-derive v0.11.2
release (windows-latest)	Build and Create Release	2025-12-16T06:53:23.7893943Z [1m[92m   Compiling[0m serde_derive v1.0.228
release (windows-latest)	Build and Create Release	2025-12-16T06:53:24.1202133Z [1m[92m   Compiling[0m displaydoc v0.2.5
release (windows-latest)	Build and Create Release	2025-12-16T06:53:25.0653993Z [1m[92m   Compiling[0m zerofrom v0.1.6
release (windows-latest)	Build and Create Release	2025-12-16T06:53:25.1688219Z [1m[92m   Compiling[0m thiserror-impl v2.0.17
release (windows-latest)	Build and Create Release	2025-12-16T06:53:25.2021974Z [1m[92m   Compiling[0m yoke v0.8.1
release (windows-latest)	Build and Create Release	2025-12-16T06:53:25.4381797Z [1m[92m   Compiling[0m zerovec v0.11.5
release (windows-latest)	Build and Create Release	2025-12-16T06:53:26.2543490Z [1m[92m   Compiling[0m tinystr v0.8.2
release (windows-latest)	Build and Create Release	2025-12-16T06:53:26.2799663Z [1m[92m   Compiling[0m potential_utf v0.1.4
release (windows-latest)	Build and Create Release	2025-12-16T06:53:26.4464835Z [1m[92m   Compiling[0m zerotrie v0.2.3
release (windows-latest)	Build and Create Release	2025-12-16T06:53:26.4982341Z [1m[92m   Compiling[0m icu_locale_core v2.1.1
release (windows-latest)	Build and Create Release	2025-12-16T06:53:26.8635314Z [1m[92m   Compiling[0m phf_macros v0.11.3
release (windows-latest)	Build and Create Release	2025-12-16T06:53:27.2782237Z [1m[92m   Compiling[0m icu_collections v2.1.1
release (windows-latest)	Build and Create Release	2025-12-16T06:53:27.8228046Z [1m[92m   Compiling[0m icu_provider v2.1.1
release (windows-latest)	Build and Create Release	2025-12-16T06:53:27.9820577Z [1m[92m   Compiling[0m darling_macro v0.21.3
release (windows-latest)	Build and Create Release	2025-12-16T06:53:28.0866895Z [1m[92m   Compiling[0m thiserror-impl v1.0.69
release (windows-latest)	Build and Create Release	2025-12-16T06:53:28.5020695Z [1m[92m   Compiling[0m darling v0.21.3
release (windows-latest)	Build and Create Release	2025-12-16T06:53:28.5181893Z [1m[92m   Compiling[0m rand v0.7.3
release (windows-latest)	Build and Create Release	2025-12-16T06:53:28.5937764Z [1m[92m   Compiling[0m phf_shared v0.10.0
release (windows-latest)	Build and Create Release	2025-12-16T06:53:28.8049910Z [1m[92m   Compiling[0m scopeguard v1.2.0
release (windows-latest)	Build and Create Release	2025-12-16T06:53:28.8877650Z [1m[92m   Compiling[0m new_debug_unreachable v1.0.6
release (windows-latest)	Build and Create Release	2025-12-16T06:53:28.9565177Z [1m[92m   Compiling[0m windows_x86_64_msvc v0.52.6
release (windows-latest)	Build and Create Release	2025-12-16T06:53:29.1991314Z [1m[92m   Compiling[0m byteorder v1.5.0
release (windows-latest)	Build and Create Release	2025-12-16T06:53:29.4979737Z [1m[92m   Compiling[0m serde_json v1.0.145
release (windows-latest)	Build and Create Release	2025-12-16T06:53:29.7234901Z [1m[92m   Compiling[0m phf_generator v0.8.0
release (windows-latest)	Build and Create Release	2025-12-16T06:53:29.7473293Z [1m[92m   Compiling[0m lock_api v0.4.14
release (windows-latest)	Build and Create Release	2025-12-16T06:53:29.8247059Z [1m[92m   Compiling[0m phf_generator v0.10.0
release (windows-latest)	Build and Create Release	2025-12-16T06:53:29.9662436Z [1m[92m   Compiling[0m serde_with_macros v3.16.1
release (windows-latest)	Build and Create Release	2025-12-16T06:53:30.0732530Z [1m[92m   Compiling[0m icu_normalizer v2.1.1
release (windows-latest)	Build and Create Release	2025-12-16T06:53:30.0877926Z [1m[92m   Compiling[0m icu_properties v2.1.2
release (windows-latest)	Build and Create Release	2025-12-16T06:53:30.9003021Z [1m[92m   Compiling[0m phf_codegen v0.11.3
release (windows-latest)	Build and Create Release	2025-12-16T06:53:31.0297007Z [1m[92m   Compiling[0m string_cache_codegen v0.5.4
release (windows-latest)	Build and Create Release	2025-12-16T06:53:31.3312808Z [1m[92m   Compiling[0m windows-sys v0.61.2
release (windows-latest)	Build and Create Release	2025-12-16T06:53:31.5424240Z [1m[92m   Compiling[0m winnow v0.7.14
release (windows-latest)	Build and Create Release	2025-12-16T06:53:31.6403144Z [1m[92m   Compiling[0m ryu v1.0.20
release (windows-latest)	Build and Create Release	2025-12-16T06:53:31.8198495Z [1m[92m   Compiling[0m precomputed-hash v0.1.1
release (windows-latest)	Build and Create Release	2025-12-16T06:53:31.8831082Z [1m[92m   Compiling[0m mac v0.1.1
release (windows-latest)	Build and Create Release	2025-12-16T06:53:31.9432488Z [1m[92m   Compiling[0m futf v0.1.5
release (windows-latest)	Build and Create Release	2025-12-16T06:53:32.0658986Z [1m[92m   Compiling[0m idna_adapter v1.2.1
release (windows-latest)	Build and Create Release	2025-12-16T06:53:32.1959983Z [1m[92m   Compiling[0m markup5ever v0.14.1
release (windows-latest)	Build and Create Release	2025-12-16T06:53:32.8374699Z [1m[92m   Compiling[0m phf_macros v0.10.0
release (windows-latest)	Build and Create Release	2025-12-16T06:53:33.9434446Z [1m[92m   Compiling[0m toml_parser v1.0.4
release (windows-latest)	Build and Create Release	2025-12-16T06:53:33.9954958Z [1m[92m   Compiling[0m parking_lot v0.12.5
release (windows-latest)	Build and Create Release	2025-12-16T06:53:34.0370332Z [1m[92m   Compiling[0m phf_codegen v0.8.0
release (windows-latest)	Build and Create Release	2025-12-16T06:53:34.1499858Z [1m[92m   Compiling[0m cssparser v0.29.6
release (windows-latest)	Build and Create Release	2025-12-16T06:53:34.5521792Z [1m[92m   Compiling[0m toml_datetime v0.7.3
release (windows-latest)	Build and Create Release	2025-12-16T06:53:34.9194508Z [1m[92m   Compiling[0m semver v1.0.27
release (windows-latest)	Build and Create Release	2025-12-16T06:53:34.9607640Z [1m[92m   Compiling[0m serde_spanned v1.0.3
release (windows-latest)	Build and Create Release	2025-12-16T06:53:35.1016869Z [1m[92m   Compiling[0m utf-8 v0.7.6
release (windows-latest)	Build and Create Release	2025-12-16T06:53:35.2651885Z [1m[92m   Compiling[0m dtoa v1.0.10
release (windows-latest)	Build and Create Release	2025-12-16T06:53:35.3444327Z [1m[92m   Compiling[0m log v0.4.29
release (windows-latest)	Build and Create Release	2025-12-16T06:53:35.4167258Z [1m[92m   Compiling[0m autocfg v1.5.0
release (windows-latest)	Build and Create Release	2025-12-16T06:53:35.5655425Z [1m[92m   Compiling[0m toml_writer v1.0.4
release (windows-latest)	Build and Create Release	2025-12-16T06:53:35.5731900Z [1m[92m   Compiling[0m bitflags v1.3.2
release (windows-latest)	Build and Create Release	2025-12-16T06:53:35.6363224Z [1m[92m   Compiling[0m percent-encoding v2.3.2
release (windows-latest)	Build and Create Release	2025-12-16T06:53:35.8231042Z [1m[92m   Compiling[0m utf8_iter v1.0.4
release (windows-latest)	Build and Create Release	2025-12-16T06:53:35.8442876Z [1m[92m   Compiling[0m toml v0.9.8
release (windows-latest)	Build and Create Release	2025-12-16T06:53:35.9684645Z [1m[92m   Compiling[0m idna v1.1.0
release (windows-latest)	Build and Create Release	2025-12-16T06:53:35.9835102Z [1m[92m   Compiling[0m indexmap v1.9.3
release (windows-latest)	Build and Create Release	2025-12-16T06:53:36.2005080Z [1m[92m   Compiling[0m form_urlencoded v1.2.2
release (windows-latest)	Build and Create Release	2025-12-16T06:53:36.3752186Z [1m[92m   Compiling[0m dtoa-short v0.3.5
release (windows-latest)	Build and Create Release	2025-12-16T06:53:36.5135483Z [1m[92m   Compiling[0m tendril v0.4.3
release (windows-latest)	Build and Create Release	2025-12-16T06:53:36.8313855Z [1m[92m   Compiling[0m string_cache v0.8.9
release (windows-latest)	Build and Create Release	2025-12-16T06:53:36.8690236Z [1m[92m   Compiling[0m selectors v0.24.0
release (windows-latest)	Build and Create Release	2025-12-16T06:53:36.9780915Z [1m[92m   Compiling[0m phf v0.10.1
release (windows-latest)	Build and Create Release	2025-12-16T06:53:37.0749997Z [1m[92m   Compiling[0m uuid v1.19.0
release (windows-latest)	Build and Create Release	2025-12-16T06:53:37.4094744Z [1m[92m   Compiling[0m phf v0.11.3
release (windows-latest)	Build and Create Release	2025-12-16T06:53:37.6141930Z [1m[92m   Compiling[0m cssparser-macros v0.6.1
release (windows-latest)	Build and Create Release	2025-12-16T06:53:37.6428762Z [1m[92m   Compiling[0m ctor v0.2.9
release (windows-latest)	Build and Create Release	2025-12-16T06:53:37.7394150Z [1m[92m   Compiling[0m aho-corasick v1.1.4
release (windows-latest)	Build and Create Release	2025-12-16T06:53:38.1527892Z [1m[92m   Compiling[0m convert_case v0.4.0
release (windows-latest)	Build and Create Release	2025-12-16T06:53:38.2605681Z [1m[92m   Compiling[0m alloc-no-stdlib v2.0.4
release (windows-latest)	Build and Create Release	2025-12-16T06:53:38.3602566Z [1m[92m   Compiling[0m regex-syntax v0.8.8
release (windows-latest)	Build and Create Release	2025-12-16T06:53:38.3807511Z [1m[92m   Compiling[0m matches v0.1.10
release (windows-latest)	Build and Create Release	2025-12-16T06:53:38.4379052Z [1m[92m   Compiling[0m nodrop v0.1.14
release (windows-latest)	Build and Create Release	2025-12-16T06:53:38.5176988Z [1m[92m   Compiling[0m unic-common v0.9.0
release (windows-latest)	Build and Create Release	2025-12-16T06:53:38.6108208Z [1m[92m   Compiling[0m camino v1.2.2
release (windows-latest)	Build and Create Release	2025-12-16T06:53:38.6622869Z [1m[92m   Compiling[0m unic-char-range v0.9.0
release (windows-latest)	Build and Create Release	2025-12-16T06:53:38.8332306Z [1m[92m   Compiling[0m libc v0.2.178
release (windows-latest)	Build and Create Release	2025-12-16T06:53:39.2897988Z [1m[92m   Compiling[0m unic-char-property v0.9.0
release (windows-latest)	Build and Create Release	2025-12-16T06:53:39.3216972Z [1m[92m   Compiling[0m derive_more v0.99.20
release (windows-latest)	Build and Create Release	2025-12-16T06:53:39.3924061Z [1m[92m   Compiling[0m unic-ucd-version v0.9.0
release (windows-latest)	Build and Create Release	2025-12-16T06:53:39.4536724Z [1m[92m   Compiling[0m servo_arc v0.2.0
release (windows-latest)	Build and Create Release	2025-12-16T06:53:40.6827829Z [1m[92m   Compiling[0m alloc-stdlib v0.2.2
release (windows-latest)	Build and Create Release	2025-12-16T06:53:40.8093749Z [1m[92m   Compiling[0m url v2.5.7
release (windows-latest)	Build and Create Release	2025-12-16T06:53:42.0210683Z [1m[92m   Compiling[0m regex-automata v0.4.13
release (windows-latest)	Build and Create Release	2025-12-16T06:53:42.3234198Z [1m[92m   Compiling[0m winapi-util v0.1.11
release (windows-latest)	Build and Create Release	2025-12-16T06:53:42.5005171Z [1m[92m   Compiling[0m fxhash v0.2.1
release (windows-latest)	Build and Create Release	2025-12-16T06:53:42.5713032Z [1m[92m   Compiling[0m match_token v0.1.0
release (windows-latest)	Build and Create Release	2025-12-16T06:53:42.6134586Z [1m[92m   Compiling[0m phf v0.8.0
release (windows-latest)	Build and Create Release	2025-12-16T06:53:42.7602235Z [1m[92m   Compiling[0m serde_derive_internals v0.29.1
release (windows-latest)	Build and Create Release	2025-12-16T06:53:43.3336417Z [1m[92m   Compiling[0m hashbrown v0.12.3
release (windows-latest)	Build and Create Release	2025-12-16T06:53:43.6337709Z [1m[92m   Compiling[0m schemars v0.8.22
release (windows-latest)	Build and Create Release	2025-12-16T06:53:43.8799362Z [1m[92m   Compiling[0m equivalent v1.0.2
release (windows-latest)	Build and Create Release	2025-12-16T06:53:43.9535991Z [1m[92m   Compiling[0m hashbrown v0.16.1
release (windows-latest)	Build and Create Release	2025-12-16T06:53:44.3520767Z [1m[92m   Compiling[0m schemars_derive v0.8.22
release (windows-latest)	Build and Create Release	2025-12-16T06:53:44.7804072Z [1m[92m   Compiling[0m indexmap v2.12.1
release (windows-latest)	Build and Create Release	2025-12-16T06:53:45.6838457Z [1m[92m   Compiling[0m regex v1.12.2
release (windows-latest)	Build and Create Release	2025-12-16T06:53:46.3463644Z [1m[92m   Compiling[0m html5ever v0.29.1
release (windows-latest)	Build and Create Release	2025-12-16T06:53:46.3484856Z [1m[92m   Compiling[0m same-file v1.0.6
release (windows-latest)	Build and Create Release	2025-12-16T06:53:46.5036814Z [1m[92m   Compiling[0m brotli-decompressor v5.0.0
release (windows-latest)	Build and Create Release	2025-12-16T06:53:46.5561666Z [1m[92m   Compiling[0m unic-ucd-ident v0.9.0
release (windows-latest)	Build and Create Release	2025-12-16T06:53:47.3018522Z [1m[92m   Compiling[0m cfb v0.7.3
release (windows-latest)	Build and Create Release	2025-12-16T06:53:47.3790047Z [1m[92m   Compiling[0m jsonptr v0.6.3
release (windows-latest)	Build and Create Release	2025-12-16T06:53:47.6175464Z [1m[92m   Compiling[0m cargo-platform v0.1.9
release (windows-latest)	Build and Create Release	2025-12-16T06:53:48.0417320Z [1m[92m   Compiling[0m dunce v1.0.5
release (windows-latest)	Build and Create Release	2025-12-16T06:53:48.0493864Z [1m[92m   Compiling[0m bytes v1.11.0
release (windows-latest)	Build and Create Release	2025-12-16T06:53:48.1168650Z [1m[92m   Compiling[0m dyn-clone v1.0.20
release (windows-latest)	Build and Create Release	2025-12-16T06:53:48.3699069Z [1m[92m   Compiling[0m infer v0.19.0
release (windows-latest)	Build and Create Release	2025-12-16T06:53:48.6836018Z [1m[92m   Compiling[0m cargo_metadata v0.19.2
release (windows-latest)	Build and Create Release	2025-12-16T06:53:48.9807282Z [1m[92m   Compiling[0m http v1.4.0
release (windows-latest)	Build and Create Release	2025-12-16T06:53:48.9997138Z [1m[92m   Compiling[0m json-patch v3.0.1
release (windows-latest)	Build and Create Release	2025-12-16T06:53:49.6923880Z [1m[92m   Compiling[0m brotli v8.0.2
release (windows-latest)	Build and Create Release	2025-12-16T06:53:50.4492819Z [1m[92m   Compiling[0m kuchikiki v0.8.8-speedreader
release (windows-latest)	Build and Create Release	2025-12-16T06:53:50.6073164Z [1m[92m   Compiling[0m urlpattern v0.3.0
release (windows-latest)	Build and Create Release	2025-12-16T06:53:51.0757120Z [1m[92m   Compiling[0m serde-untagged v0.1.9
release (windows-latest)	Build and Create Release	2025-12-16T06:53:51.2819228Z [1m[92m   Compiling[0m walkdir v2.5.0
release (windows-latest)	Build and Create Release	2025-12-16T06:53:51.7071709Z [1m[92m   Compiling[0m serde_with v3.16.1
release (windows-latest)	Build and Create Release	2025-12-16T06:53:52.2728882Z [1m[92m   Compiling[0m version_check v0.9.5
release (windows-latest)	Build and Create Release	2025-12-16T06:53:52.3648470Z [1m[92m   Compiling[0m shlex v1.3.0
release (windows-latest)	Build and Create Release	2025-12-16T06:53:52.5652717Z [1m[92m   Compiling[0m glob v0.3.3
release (windows-latest)	Build and Create Release	2025-12-16T06:53:52.6868508Z [1m[92m   Compiling[0m find-msvc-tools v0.1.5
release (windows-latest)	Build and Create Release	2025-12-16T06:53:53.5117844Z [1m[92m   Compiling[0m cc v1.2.49
release (windows-latest)	Build and Create Release	2025-12-16T06:53:53.9830751Z [1m[92m   Compiling[0m windows-link v0.1.3
release (windows-latest)	Build and Create Release	2025-12-16T06:53:54.5372048Z [1m[92m   Compiling[0m tauri-utils v2.8.1
release (windows-latest)	Build and Create Release	2025-12-16T06:53:54.9121649Z [1m[92m   Compiling[0m windows-targets v0.52.6
release (windows-latest)	Build and Create Release	2025-12-16T06:53:55.7399378Z [1m[92m   Compiling[0m vswhom-sys v0.1.3
release (windows-latest)	Build and Create Release	2025-12-16T06:53:57.5914508Z [1m[92m   Compiling[0m windows-sys v0.59.0
release (windows-latest)	Build and Create Release	2025-12-16T06:54:00.3028782Z [1m[92m   Compiling[0m windows-result v0.3.4
release (windows-latest)	Build and Create Release	2025-12-16T06:54:00.5403692Z [1m[92m   Compiling[0m windows-strings v0.4.2
release (windows-latest)	Build and Create Release	2025-12-16T06:54:01.8580315Z [1m[92m   Compiling[0m windows-interface v0.59.3
release (windows-latest)	Build and Create Release	2025-12-16T06:54:02.7517149Z [1m[92m   Compiling[0m windows-implement v0.60.2
release (windows-latest)	Build and Create Release	2025-12-16T06:54:03.2310131Z [1m[92m   Compiling[0m winreg v0.55.0
release (windows-latest)	Build and Create Release	2025-12-16T06:54:03.8440470Z [1m[92m   Compiling[0m windows-core v0.61.2
release (windows-latest)	Build and Create Release	2025-12-16T06:54:05.3407021Z [1m[92m   Compiling[0m vswhom v0.1.0
release (windows-latest)	Build and Create Release	2025-12-16T06:54:05.4719088Z [1m[92m   Compiling[0m rustc_version v0.4.1
release (windows-latest)	Build and Create Release	2025-12-16T06:54:05.7183807Z [1m[92m   Compiling[0m option-ext v0.2.0
release (windows-latest)	Build and Create Release	2025-12-16T06:54:05.7979593Z [1m[92m   Compiling[0m crossbeam-utils v0.8.21
release (windows-latest)	Build and Create Release	2025-12-16T06:54:05.8711375Z [1m[92m   Compiling[0m dirs-sys v0.5.0
release (windows-latest)	Build and Create Release	2025-12-16T06:54:06.1937492Z [1m[92m   Compiling[0m embed-resource v3.0.6
release (windows-latest)	Build and Create Release	2025-12-16T06:54:06.3309811Z [1m[92m   Compiling[0m heck v0.5.0
release (windows-latest)	Build and Create Release	2025-12-16T06:54:06.5778104Z [1m[92m   Compiling[0m typenum v1.19.0
release (windows-latest)	Build and Create Release	2025-12-16T06:54:06.6417131Z [1m[92m   Compiling[0m tauri-winres v0.3.5
release (windows-latest)	Build and Create Release	2025-12-16T06:54:08.2524756Z [1m[92m   Compiling[0m dirs v6.0.0
release (windows-latest)	Build and Create Release	2025-12-16T06:54:08.3434109Z [1m[92m   Compiling[0m windows-threading v0.1.0
release (windows-latest)	Build and Create Release	2025-12-16T06:54:08.4853142Z [1m[92m   Compiling[0m generic-array v0.14.7
release (windows-latest)	Build and Create Release	2025-12-16T06:54:08.7219019Z [1m[92m   Compiling[0m cargo_toml v0.22.3
release (windows-latest)	Build and Create Release	2025-12-16T06:54:10.0777617Z [1m[92m   Compiling[0m windows-future v0.2.1
release (windows-latest)	Build and Create Release	2025-12-16T06:54:11.0004691Z [1m[92m   Compiling[0m tauri-build v2.5.3
release (windows-latest)	Build and Create Release	2025-12-16T06:54:11.5592576Z [1m[92m   Compiling[0m windows-numerics v0.2.0
release (windows-latest)	Build and Create Release	2025-12-16T06:54:11.8785733Z [1m[92m   Compiling[0m windows-collections v0.2.0
release (windows-latest)	Build and Create Release	2025-12-16T06:54:12.6107860Z [1m[92m   Compiling[0m simd-adler32 v0.3.8
release (windows-latest)	Build and Create Release	2025-12-16T06:54:13.0119593Z [1m[92m   Compiling[0m powerfmt v0.2.0
release (windows-latest)	Build and Create Release	2025-12-16T06:54:13.3875106Z [1m[92m   Compiling[0m crc32fast v1.5.0
release (windows-latest)	Build and Create Release	2025-12-16T06:54:13.4223533Z [1m[92m   Compiling[0m time-core v0.1.6
release (windows-latest)	Build and Create Release	2025-12-16T06:54:13.6374550Z [1m[92m   Compiling[0m num-conv v0.1.0
release (windows-latest)	Build and Create Release	2025-12-16T06:54:13.8200699Z [1m[92m   Compiling[0m raw-window-handle v0.6.2
release (windows-latest)	Build and Create Release	2025-12-16T06:54:13.8737697Z [1m[92m   Compiling[0m time-macros v0.2.24
release (windows-latest)	Build and Create Release	2025-12-16T06:54:14.3237448Z [1m[92m   Compiling[0m deranged v0.5.5
release (windows-latest)	Build and Create Release	2025-12-16T06:54:16.9966741Z [1m[92m   Compiling[0m windows v0.61.3
release (windows-latest)	Build and Create Release	2025-12-16T06:54:19.9172944Z [1m[92m   Compiling[0m tauri-plugin v2.5.2
release (windows-latest)	Build and Create Release	2025-12-16T06:54:21.3990857Z [1m[92m   Compiling[0m webview2-com-sys v0.38.0
release (windows-latest)	Build and Create Release	2025-12-16T06:54:21.8833587Z [1m[92m   Compiling[0m adler2 v2.0.1
release (windows-latest)	Build and Create Release	2025-12-16T06:54:24.0272044Z [1m[92m   Compiling[0m time v0.3.44
release (windows-latest)	Build and Create Release	2025-12-16T06:54:32.7532140Z [1m[92m   Compiling[0m miniz_oxide v0.8.9
release (windows-latest)	Build and Create Release	2025-12-16T06:54:33.9878770Z [1m[92m   Compiling[0m tauri v2.9.5
release (windows-latest)	Build and Create Release	2025-12-16T06:54:39.1747815Z [1m[92m   Compiling[0m dpi v0.1.2
release (windows-latest)	Build and Create Release	2025-12-16T06:54:39.7148215Z [1m[92m   Compiling[0m cookie v0.18.1
release (windows-latest)	Build and Create Release	2025-12-16T06:54:41.6051378Z [1m[92m   Compiling[0m windows_x86_64_msvc v0.53.1
release (windows-latest)	Build and Create Release	2025-12-16T06:54:47.0165379Z [1m[92m   Compiling[0m flate2 v1.1.5
release (windows-latest)	Build and Create Release	2025-12-16T06:54:54.4188696Z [1m[92m   Compiling[0m block-buffer v0.10.4
release (windows-latest)	Build and Create Release	2025-12-16T06:54:54.5605952Z [1m[92m   Compiling[0m crypto-common v0.1.7
release (windows-latest)	Build and Create Release	2025-12-16T06:54:56.6427133Z [1m[92m   Compiling[0m fdeflate v0.3.7
release (windows-latest)	Build and Create Release	2025-12-16T06:54:57.3870808Z [1m[92m   Compiling[0m windows-version v0.1.7
release (windows-latest)	Build and Create Release	2025-12-16T06:54:57.4151079Z [1m[92m   Compiling[0m webview2-com-macros v0.8.0
release (windows-latest)	Build and Create Release	2025-12-16T06:54:58.2276648Z [1m[92m   Compiling[0m bitflags v2.10.0
release (windows-latest)	Build and Create Release	2025-12-16T06:54:58.3178131Z [1m[92m   Compiling[0m pin-project-lite v0.2.16
release (windows-latest)	Build and Create Release	2025-12-16T06:54:58.8836288Z [1m[92m   Compiling[0m unicode-segmentation v1.12.0
release (windows-latest)	Build and Create Release	2025-12-16T06:54:58.8891503Z [1m[92m   Compiling[0m once_cell v1.21.3
release (windows-latest)	Build and Create Release	2025-12-16T06:55:01.3232121Z [1m[92m   Compiling[0m png v0.17.16
release (windows-latest)	Build and Create Release	2025-12-16T06:55:02.9250114Z [1m[92m   Compiling[0m digest v0.10.7
release (windows-latest)	Build and Create Release	2025-12-16T06:55:16.4386873Z [1m[92m   Compiling[0m webview2-com v0.38.0
release (windows-latest)	Build and Create Release	2025-12-16T06:55:18.0584487Z [1m[92m   Compiling[0m crossbeam-channel v0.5.15
release (windows-latest)	Build and Create Release	2025-12-16T06:55:19.3455956Z [1m[92m   Compiling[0m tauri-runtime v2.9.2
release (windows-latest)	Build and Create Release	2025-12-16T06:55:19.6084098Z [1m[92m   Compiling[0m wry v0.53.5
release (windows-latest)	Build and Create Release	2025-12-16T06:55:21.7435616Z [1m[92m   Compiling[0m cpufeatures v0.2.17
release (windows-latest)	Build and Create Release	2025-12-16T06:55:21.8094921Z [1m[92m   Compiling[0m tracing-core v0.1.35
release (windows-latest)	Build and Create Release	2025-12-16T06:55:23.3906249Z [1m[92m   Compiling[0m tracing v0.1.43
release (windows-latest)	Build and Create Release	2025-12-16T06:55:23.7856953Z [1m[92m   Compiling[0m sha2 v0.10.9
release (windows-latest)	Build and Create Release	2025-12-16T06:55:24.4620793Z [1m[92m   Compiling[0m windows-targets v0.53.5
release (windows-latest)	Build and Create Release	2025-12-16T06:55:25.7975532Z [1m[92m   Compiling[0m ico v0.4.0
release (windows-latest)	Build and Create Release	2025-12-16T06:55:28.7318969Z [1m[92m   Compiling[0m tauri-runtime-wry v2.9.3
release (windows-latest)	Build and Create Release	2025-12-16T06:55:29.0862719Z [1m[92m   Compiling[0m lazy_static v1.5.0
release (windows-latest)	Build and Create Release	2025-12-16T06:55:29.1698057Z [1m[92m   Compiling[0m base64 v0.22.1
release (windows-latest)	Build and Create Release	2025-12-16T06:55:29.1721502Z [1m[92m   Compiling[0m tao v0.34.5
release (windows-latest)	Build and Create Release	2025-12-16T06:55:29.6004317Z [1m[92m   Compiling[0m tauri-codegen v2.5.2
release (windows-latest)	Build and Create Release	2025-12-16T06:55:30.0877303Z [1m[92m   Compiling[0m windows-sys v0.60.2
release (windows-latest)	Build and Create Release	2025-12-16T06:55:37.3451885Z [1m[92m   Compiling[0m softbuffer v0.4.8
release (windows-latest)	Build and Create Release	2025-12-16T06:55:37.6712229Z [1m[92m   Compiling[0m keyboard-types v0.7.0
release (windows-latest)	Build and Create Release	2025-12-16T06:55:40.0324628Z [1m[92m   Compiling[0m tauri-plugin-fs v2.4.4
release (windows-latest)	Build and Create Release	2025-12-16T06:55:41.0039715Z [1m[92m   Compiling[0m serialize-to-javascript-impl v0.1.2
release (windows-latest)	Build and Create Release	2025-12-16T06:55:41.6325595Z [1m[92m   Compiling[0m serialize-to-javascript v0.1.2
release (windows-latest)	Build and Create Release	2025-12-16T06:55:41.7337778Z [1m[92m   Compiling[0m muda v0.17.1
release (windows-latest)	Build and Create Release	2025-12-16T06:55:42.9089466Z [1m[92m   Compiling[0m tauri-macros v2.5.2
release (windows-latest)	Build and Create Release	2025-12-16T06:55:45.4351358Z [1m[92m   Compiling[0m window-vibrancy v0.6.0
release (windows-latest)	Build and Create Release	2025-12-16T06:55:45.6949615Z [1m[92m   Compiling[0m tokio v1.48.0
release (windows-latest)	Build and Create Release	2025-12-16T06:55:46.5989257Z [1m[92m   Compiling[0m serde_repr v0.1.20
release (windows-latest)	Build and Create Release	2025-12-16T06:55:47.3005870Z [1m[92m   Compiling[0m mime v0.3.17
release (windows-latest)	Build and Create Release	2025-12-16T06:55:50.3014130Z [1m[92m   Compiling[0m tauri-plugin-dialog v2.4.2
release (windows-latest)	Build and Create Release	2025-12-16T06:55:52.4255860Z [1m[92m   Compiling[0m tauri-plugin-opener v2.5.2
release (windows-latest)	Build and Create Release	2025-12-16T06:55:53.6198487Z [1m[92m   Compiling[0m crossbeam-epoch v0.9.18
release (windows-latest)	Build and Create Release	2025-12-16T06:55:54.5281417Z [1m[92m   Compiling[0m rayon-core v1.13.0
release (windows-latest)	Build and Create Release	2025-12-16T06:55:54.7703987Z [1m[92m   Compiling[0m rfd v0.15.4
release (windows-latest)	Build and Create Release	2025-12-16T06:55:55.4862677Z [1m[92m   Compiling[0m crossbeam-deque v0.8.6
release (windows-latest)	Build and Create Release	2025-12-16T06:56:01.6826986Z [1m[92m   Compiling[0m open v5.3.3
release (windows-latest)	Build and Create Release	2025-12-16T06:56:04.2024428Z [1m[92m   Compiling[0m newgan-app v0.1.0 (D:\a\NewGAN-Manager-26\NewGAN-Manager-26\src-tauri)
release (windows-latest)	Build and Create Release	2025-12-16T06:56:04.9014888Z [1m[92m   Compiling[0m termcolor v1.4.1
release (windows-latest)	Build and Create Release	2025-12-16T06:56:05.3934467Z [1m[92m   Compiling[0m either v1.15.0
release (windows-latest)	Build and Create Release	2025-12-16T06:56:05.6535338Z [1m[92m   Compiling[0m rayon v1.11.0
release (windows-latest)	Build and Create Release	2025-12-16T06:56:06.3659952Z [1m[92m   Compiling[0m simplelog v0.12.2
release (windows-latest)	Build and Create Release	2025-12-16T06:56:13.0549605Z [1m[92m   Compiling[0m quick-xml v0.36.2
release (windows-latest)	Build and Create Release	2025-12-16T06:57:56.5349148Z [1m[92m    Finished[0m `release` profile [optimized] target(s) in 5m 07s
release (windows-latest)	Build and Create Release	2025-12-16T06:57:56.6707856Z        Built application at: D:\a\NewGAN-Manager-26\NewGAN-Manager-26\src-tauri\target\release\newgan-app.exe
release (windows-latest)	Build and Create Release	2025-12-16T06:57:56.6714925Z         Info Patching binary "D:\\a\\NewGAN-Manager-26\\NewGAN-Manager-26\\src-tauri\\target\\release\\newgan-app.exe" for type msi
release (windows-latest)	Build and Create Release	2025-12-16T06:57:56.6837591Z         Info Verifying wix package
release (windows-latest)	Build and Create Release	2025-12-16T06:57:56.6839039Z  Downloading https://github.com/wixtoolset/wix3/releases/download/wix3141rtm/wix314-binaries.zip
release (windows-latest)	Build and Create Release	2025-12-16T06:57:57.0130027Z         Info validating hash
release (windows-latest)	Build and Create Release	2025-12-16T06:57:57.1407597Z         Info extracting WIX
release (windows-latest)	Build and Create Release	2025-12-16T06:57:57.6662736Z         Info Target: x64
release (windows-latest)	Build and Create Release	2025-12-16T06:57:57.6794378Z      Running candle for "D:\\a\\NewGAN-Manager-26\\NewGAN-Manager-26\\src-tauri\\target\\release\\wix\\x64\\main.wxs"
release (windows-latest)	Build and Create Release	2025-12-16T06:58:02.7903665Z      Running light to produce D:\a\NewGAN-Manager-26\NewGAN-Manager-26\src-tauri\target\release\bundle\msi\NewGAN Manager_1.0.0_x64_en-US.msi
release (windows-latest)	Build and Create Release	2025-12-16T06:58:09.2052293Z         Info Patching binary "D:\\a\\NewGAN-Manager-26\\NewGAN-Manager-26\\src-tauri\\target\\release\\newgan-app.exe" for type nsis
release (windows-latest)	Build and Create Release	2025-12-16T06:58:09.2123927Z         Info Verifying NSIS package
release (windows-latest)	Build and Create Release	2025-12-16T06:58:09.2124891Z  Downloading https://github.com/tauri-apps/binary-releases/releases/download/nsis-3.11/nsis-3.11.zip
release (windows-latest)	Build and Create Release	2025-12-16T06:58:09.3604381Z         Info validating hash
release (windows-latest)	Build and Create Release	2025-12-16T06:58:09.3618151Z         Info extracting NSIS
release (windows-latest)	Build and Create Release	2025-12-16T06:58:09.5979128Z  Downloading https://github.com/tauri-apps/nsis-tauri-utils/releases/download/nsis_tauri_utils-v0.5.2/nsis_tauri_utils.dll
release (windows-latest)	Build and Create Release	2025-12-16T06:58:09.7054520Z         Info validating hash
release (windows-latest)	Build and Create Release	2025-12-16T06:58:09.7062020Z         Info Target: x64
release (windows-latest)	Build and Create Release	2025-12-16T06:58:09.7176099Z      Running makensis to produce D:\a\NewGAN-Manager-26\NewGAN-Manager-26\src-tauri\target\release\bundle\nsis\NewGAN Manager_1.0.0_x64-setup.exe
release (windows-latest)	Build and Create Release	2025-12-16T06:58:14.4070923Z     Finished 2 bundles at:
release (windows-latest)	Build and Create Release	2025-12-16T06:58:14.4071625Z         D:\a\NewGAN-Manager-26\NewGAN-Manager-26\src-tauri\target\release\bundle\msi\NewGAN Manager_1.0.0_x64_en-US.msi
release (windows-latest)	Build and Create Release	2025-12-16T06:58:14.4072527Z         D:\a\NewGAN-Manager-26\NewGAN-Manager-26\src-tauri\target\release\bundle\nsis\NewGAN Manager_1.0.0_x64-setup.exe
release (windows-latest)	Build and Create Release	2025-12-16T06:58:14.4072992Z 
release (windows-latest)	Build and Create Release	2025-12-16T06:58:14.4423967Z Looking for artifacts in:
release (windows-latest)	Build and Create Release	2025-12-16T06:58:14.4424749Z D:\a\NewGAN-Manager-26\NewGAN-Manager-26\src-tauri\target\release\bundle\msi\NewGAN Manager_1.0.0_x64_en-US.msi
release (windows-latest)	Build and Create Release	2025-12-16T06:58:14.4426078Z D:\a\NewGAN-Manager-26\NewGAN-Manager-26\src-tauri\target\release\bundle\msi\NewGAN Manager_1.0.0_x64_en-US.msi.sig
release (windows-latest)	Build and Create Release	2025-12-16T06:58:14.4427022Z D:\a\NewGAN-Manager-26\NewGAN-Manager-26\src-tauri\target\release\bundle\msi\NewGAN Manager_1.0.0_x64_en-US.msi.zip
release (windows-latest)	Build and Create Release	2025-12-16T06:58:14.4427994Z D:\a\NewGAN-Manager-26\NewGAN-Manager-26\src-tauri\target\release\bundle\msi\NewGAN Manager_1.0.0_x64_en-US.msi.zip.sig
release (windows-latest)	Build and Create Release	2025-12-16T06:58:14.4429199Z D:\a\NewGAN-Manager-26\NewGAN-Manager-26\src-tauri\target\release\bundle\nsis\NewGAN Manager_1.0.0_x64-setup.exe
release (windows-latest)	Build and Create Release	2025-12-16T06:58:14.4430508Z D:\a\NewGAN-Manager-26\NewGAN-Manager-26\src-tauri\target\release\bundle\nsis\NewGAN Manager_1.0.0_x64-setup.exe.sig
release (windows-latest)	Build and Create Release	2025-12-16T06:58:14.4431443Z D:\a\NewGAN-Manager-26\NewGAN-Manager-26\src-tauri\target\release\bundle\nsis\NewGAN Manager_1.0.0_x64-setup.nsis.zip
release (windows-latest)	Build and Create Release	2025-12-16T06:58:14.4432286Z D:\a\NewGAN-Manager-26\NewGAN-Manager-26\src-tauri\target\release\bundle\nsis\NewGAN Manager_1.0.0_x64-setup.nsis.zip.sig
release (windows-latest)	Build and Create Release	2025-12-16T06:58:14.4432802Z Found artifacts:
release (windows-latest)	Build and Create Release	2025-12-16T06:58:14.4433294Z D:\a\NewGAN-Manager-26\NewGAN-Manager-26\src-tauri\target\release\bundle\msi\NewGAN Manager_1.0.0_x64_en-US.msi
release (windows-latest)	Build and Create Release	2025-12-16T06:58:14.4434066Z D:\a\NewGAN-Manager-26\NewGAN-Manager-26\src-tauri\target\release\bundle\nsis\NewGAN Manager_1.0.0_x64-setup.exe
release (windows-latest)	Build and Create Release	2025-12-16T06:58:14.4645175Z Looking for a draft release with tag v1.0.0...
release (windows-latest)	Build and Create Release	2025-12-16T06:58:14.7076317Z Couldn't find release with tag v1.0.0. Creating one.
release (windows-latest)	Build and Create Release	2025-12-16T06:58:15.1801844Z Uploading NewGAN Manager_1.0.0_x64_en-US.msi...
release (windows-latest)	Build and Create Release	2025-12-16T06:58:15.8019544Z Uploading NewGAN Manager_1.0.0_x64-setup.exe...
release (windows-latest)	Build and Create Release	2025-12-16T06:58:16.4726084Z Signature not found for the updater JSON. Skipping upload...
release (windows-latest)	Upload Portable Executable	ï»¿2025-12-16T06:58:16.5008457Z ##[group]Run actions/upload-release-asset@v1
release (windows-latest)	Upload Portable Executable	2025-12-16T06:58:16.5008793Z with:
release (windows-latest)	Upload Portable Executable	2025-12-16T06:58:16.5009253Z   upload_url: https://uploads.github.com/repos/AnthonyMahe/NewGAN-Manager-26/releases/270637073/assets{?name,label}
release (windows-latest)	Upload Portable Executable	2025-12-16T06:58:16.5010001Z   asset_path: src-tauri/target/release/newgan-app.exe
release (windows-latest)	Upload Portable Executable	2025-12-16T06:58:16.5010284Z   asset_name: NewGAN-Manager-Portable.exe
release (windows-latest)	Upload Portable Executable	2025-12-16T06:58:16.5010626Z   asset_content_type: application/vnd.microsoft.portable-executable
release (windows-latest)	Upload Portable Executable	2025-12-16T06:58:16.5010917Z env:
release (windows-latest)	Upload Portable Executable	2025-12-16T06:58:16.5011082Z   CARGO_HOME: C:\Users\runneradmin\.cargo
release (windows-latest)	Upload Portable Executable	2025-12-16T06:58:16.5011300Z   CARGO_INCREMENTAL: 0
release (windows-latest)	Upload Portable Executable	2025-12-16T06:58:16.5011485Z   CARGO_TERM_COLOR: always
release (windows-latest)	Upload Portable Executable	2025-12-16T06:58:16.5012341Z   GITHUB_TOKEN: ***
release (windows-latest)	Upload Portable Executable	2025-12-16T06:58:16.5012515Z ##[endgroup]
release (windows-latest)	Upload Portable Executable	2025-12-16T06:58:17.6494105Z ##[warning]The `set-output` command is deprecated and will be disabled soon. Please upgrade to using Environment Files. For more information see: https://github.blog/changelog/2022-10-11-github-actions-deprecating-save-state-and-set-output-commands/
release (windows-latest)	Post Install Node.js	ï»¿2025-12-16T06:58:17.6810872Z Post job cleanup.
release (windows-latest)	Post Checkout repository	ï»¿2025-12-16T06:58:17.9504773Z Post job cleanup.
release (windows-latest)	Post Checkout repository	2025-12-16T06:58:18.2139330Z [command]"C:\Program Files\Git\bin\git.exe" version
release (windows-latest)	Post Checkout repository	2025-12-16T06:58:18.2429093Z git version 2.52.0.windows.1
release (windows-latest)	Post Checkout repository	2025-12-16T06:58:18.2511512Z Temporarily overriding HOME='D:\a\_temp\37b21751-3a84-42b5-8247-9fb6d37495da' before making global git config changes
release (windows-latest)	Post Checkout repository	2025-12-16T06:58:18.2512828Z Adding repository directory to the temporary git global config as a safe directory
release (windows-latest)	Post Checkout repository	2025-12-16T06:58:18.2523889Z [command]"C:\Program Files\Git\bin\git.exe" config --global --add safe.directory D:\a\NewGAN-Manager-26\NewGAN-Manager-26
release (windows-latest)	Post Checkout repository	2025-12-16T06:58:18.2850608Z [command]"C:\Program Files\Git\bin\git.exe" config --local --name-only --get-regexp core\.sshCommand
release (windows-latest)	Post Checkout repository	2025-12-16T06:58:18.3164386Z [command]"C:\Program Files\Git\bin\git.exe" submodule foreach --recursive "sh -c \"git config --local --name-only --get-regexp 'core\.sshCommand' && git config --local --unset-all 'core.sshCommand' || :\""
release (windows-latest)	Post Checkout repository	2025-12-16T06:58:18.8757098Z [command]"C:\Program Files\Git\bin\git.exe" config --local --name-only --get-regexp http\.https\:\/\/github\.com\/\.extraheader
release (windows-latest)	Post Checkout repository	2025-12-16T06:58:18.9027327Z http.https://github.com/.extraheader
release (windows-latest)	Post Checkout repository	2025-12-16T06:58:18.9079723Z [command]"C:\Program Files\Git\bin\git.exe" config --local --unset-all http.https://github.com/.extraheader
release (windows-latest)	Post Checkout repository	2025-12-16T06:58:18.9411797Z [command]"C:\Program Files\Git\bin\git.exe" submodule foreach --recursive "sh -c \"git config --local --name-only --get-regexp 'http\.https\:\/\/github\.com\/\.extraheader' && git config --local --unset-all 'http.https://github.com/.extraheader' || :\""
release (windows-latest)	Post Checkout repository	2025-12-16T06:58:19.4677044Z [command]"C:\Program Files\Git\bin\git.exe" config --local --name-only --get-regexp ^includeIf\.gitdir:
release (windows-latest)	Post Checkout repository	2025-12-16T06:58:19.4973448Z [command]"C:\Program Files\Git\bin\git.exe" submodule foreach --recursive "git config --local --show-origin --name-only --get-regexp remote.origin.url"
release (windows-latest)	Complete job	ï»¿2025-12-16T06:58:20.0368883Z Cleaning up orphan processes
release (windows-latest)	Complete job	2025-12-16T06:58:20.0695082Z Terminate orphan process: pid (6812) (vctip)
